Component: ARM Compiler 5.06 update 3 (build 300) Tool: armlink [4d35c9]

==============================================================================

Section Cross References

    app.o(i.LED_Task) refers to stm32f0xx_rcc.o(i.RCC_AHBPeriphClockCmd) for RCC_AHBPeriphClockCmd
    app.o(i.LED_Task) refers to gpio.o(i.gpio_mode) for gpio_mode
    app.o(i.LED_Task) refers to gpio.o(i.gpio_write) for gpio_write
    app.o(i.LED_Task) refers to time.o(i.CoTickDelay) for CoTickDelay
    app.o(i.MOTO_Task) refers to stm32f0xx_rcc.o(i.RCC_AHBPeriphClockCmd) for RCC_AHBPeriphClockCmd
    app.o(i.MOTO_Task) refers to stm32f0xx_gpio.o(i.GPIO_Init) for GPIO_Init
    app.o(i.MOTO_Task) refers to stm32f0xx_gpio.o(i.GPIO_SetBits) for GPIO_SetBits
    app.o(i.MOTO_Task) refers to usart.o(i.usart_mode_init) for usart_mode_init
    app.o(i.MOTO_Task) refers to adc.o(i.adc_init) for adc_init
    app.o(i.MOTO_Task) refers to pwm.o(i.pwm_init) for pwm_init
    app.o(i.MOTO_Task) refers to flag.o(i.CoWaitForSingleFlag) for CoWaitForSingleFlag
    app.o(i.MOTO_Task) refers to flag.o(i.CoClearFlag) for CoClearFlag
    app.o(i.MOTO_Task) refers to adc.o(i.adc_read) for adc_read
    app.o(i.MOTO_Task) refers to aeabi_sdiv.o(.text) for __aeabi_idivmod
    app.o(i.MOTO_Task) refers to usart.o(i.__io_puts) for __io_puts
    app.o(i.MOTO_Task) refers to app.o(.data) for Flag_Massage_ID
    app.o(i.USART1_IRQHandler) refers to core.o(i.CoEnterISR) for CoEnterISR
    app.o(i.USART1_IRQHandler) refers to stm32f0xx_usart.o(i.USART_GetITStatus) for USART_GetITStatus
    app.o(i.USART1_IRQHandler) refers to stm32f0xx_usart.o(i.USART_ReceiveData) for USART_ReceiveData
    app.o(i.USART1_IRQHandler) refers to ringbuf.o(i.RingbufPut) for RingbufPut
    app.o(i.USART1_IRQHandler) refers to flag.o(i.CoSetFlag) for CoSetFlag
    app.o(i.USART1_IRQHandler) refers to core.o(i.CoExitISR) for CoExitISR
    app.o(i.USART1_IRQHandler) refers to app.o(.data) for Flag_Massage_ID
    app.o(i.main) refers to core.o(i.CoInitOS) for CoInitOS
    app.o(i.main) refers to flag.o(i.CoCreateFlag) for CoCreateFlag
    app.o(i.main) refers to task.o(i.CreateTask) for CreateTask
    app.o(i.main) refers to core.o(i.CoStartOS) for CoStartOS
    app.o(i.main) refers to app.o(.constdata) for .constdata
    app.o(i.main) refers to app.o(.data) for Flag_Massage_ID
    app.o(i.main) refers to app.o(.bss) for LED_Task_Stk
    app.o(i.main) refers to app.o(i.LED_Task) for LED_Task
    app.o(i.main) refers to app.o(i.MOTO_Task) for MOTO_Task
    app.o(.constdata) refers to sys.o(i.SysInitRcc) for SysInitRcc
    adc.o(i.adc_init) refers to stm32f0xx_adc.o(i.ADC_DeInit) for ADC_DeInit
    adc.o(i.adc_init) refers to stm32f0xx_rcc.o(i.RCC_AHBPeriphClockCmd) for RCC_AHBPeriphClockCmd
    adc.o(i.adc_init) refers to stm32f0xx_rcc.o(i.RCC_APB2PeriphClockCmd) for RCC_APB2PeriphClockCmd
    adc.o(i.adc_init) refers to stm32f0xx_gpio.o(i.GPIO_Init) for GPIO_Init
    adc.o(i.adc_init) refers to stm32f0xx_dma.o(i.DMA_DeInit) for DMA_DeInit
    adc.o(i.adc_init) refers to stm32f0xx_dma.o(i.DMA_Init) for DMA_Init
    adc.o(i.adc_init) refers to stm32f0xx_dma.o(i.DMA_Cmd) for DMA_Cmd
    adc.o(i.adc_init) refers to stm32f0xx_adc.o(i.ADC_DMARequestModeConfig) for ADC_DMARequestModeConfig
    adc.o(i.adc_init) refers to stm32f0xx_adc.o(i.ADC_DMACmd) for ADC_DMACmd
    adc.o(i.adc_init) refers to stm32f0xx_adc.o(i.ADC_StructInit) for ADC_StructInit
    adc.o(i.adc_init) refers to stm32f0xx_adc.o(i.ADC_Init) for ADC_Init
    adc.o(i.adc_init) refers to stm32f0xx_adc.o(i.ADC_ChannelConfig) for ADC_ChannelConfig
    adc.o(i.adc_init) refers to stm32f0xx_adc.o(i.ADC_GetCalibrationFactor) for ADC_GetCalibrationFactor
    adc.o(i.adc_init) refers to stm32f0xx_adc.o(i.ADC_Cmd) for ADC_Cmd
    adc.o(i.adc_init) refers to stm32f0xx_adc.o(i.ADC_GetFlagStatus) for ADC_GetFlagStatus
    adc.o(i.adc_init) refers to stm32f0xx_adc.o(i.ADC_StartOfConversion) for ADC_StartOfConversion
    adc.o(i.adc_init) refers to adc.o(.data) for RegularConvData_Tab
    adc.o(i.adc_read) refers to stm32f0xx_dma.o(i.DMA_GetFlagStatus) for DMA_GetFlagStatus
    adc.o(i.adc_read) refers to stm32f0xx_dma.o(i.DMA_ClearFlag) for DMA_ClearFlag
    adc.o(i.adc_read) refers to adc.o(.data) for RegularConvData_Tab
    gpio.o(i.gpio_mode) refers to stm32f0xx_gpio.o(i.GPIO_Init) for GPIO_Init
    gpio.o(i.gpio_mode) refers to gpio.o(.constdata) for .constdata
    gpio.o(i.gpio_read) refers to stm32f0xx_gpio.o(i.GPIO_ReadInputDataBit) for GPIO_ReadInputDataBit
    gpio.o(i.gpio_read) refers to gpio.o(.constdata) for pininfo
    gpio.o(i.gpio_toggle) refers to gpio.o(.constdata) for pininfo
    gpio.o(i.gpio_write) refers to gpio.o(.constdata) for pininfo
    sys.o(i.SysInitRcc) refers to stm32f0xx_rcc.o(i.RCC_DeInit) for RCC_DeInit
    sys.o(i.SysInitRcc) refers to stm32f0xx_rcc.o(i.RCC_HSICmd) for RCC_HSICmd
    sys.o(i.SysInitRcc) refers to stm32f0xx_rcc.o(i.RCC_GetFlagStatus) for RCC_GetFlagStatus
[...]
    Removing stm32f0xx_tim.o(i.TIM_OC2PolarityConfig), (24 bytes).
    Removing stm32f0xx_tim.o(i.TIM_OC3FastConfig), (24 bytes).
    Removing stm32f0xx_tim.o(i.TIM_OC3NPolarityConfig), (24 bytes).
    Removing stm32f0xx_tim.o(i.TIM_OC3PolarityConfig), (24 bytes).
    Removing stm32f0xx_tim.o(i.TIM_OC4FastConfig), (24 bytes).
    Removing stm32f0xx_tim.o(i.TIM_OC4Init), (112 bytes).
    Removing stm32f0xx_tim.o(i.TIM_OC4PolarityConfig), (24 bytes).
    Removing stm32f0xx_tim.o(i.TIM_OC4PreloadConfig), (24 bytes).
    Removing stm32f0xx_tim.o(i.TIM_OCStructInit), (20 bytes).
    Removing stm32f0xx_tim.o(i.TIM_PWMIConfig), (124 bytes).
    Removing stm32f0xx_tim.o(i.TIM_PrescalerConfig), (6 bytes).
    Removing stm32f0xx_tim.o(i.TIM_RemapConfig), (6 bytes).
    Removing stm32f0xx_tim.o(i.TIM_SelectCCDMA), (28 bytes).
    Removing stm32f0xx_tim.o(i.TIM_SelectCOM), (28 bytes).
    Removing stm32f0xx_tim.o(i.TIM_SelectHallSensor), (28 bytes).
    Removing stm32f0xx_tim.o(i.TIM_SelectInputTrigger), (24 bytes).
    Removing stm32f0xx_tim.o(i.TIM_SelectMasterSlaveMode), (20 bytes).
    Removing stm32f0xx_tim.o(i.TIM_SelectOCREFClear), (20 bytes).
    Removing stm32f0xx_tim.o(i.TIM_SelectOCxM), (82 bytes).
    Removing stm32f0xx_tim.o(i.TIM_SelectOnePulseMode), (20 bytes).
    Removing stm32f0xx_tim.o(i.TIM_SelectOutputTrigger), (20 bytes).
    Removing stm32f0xx_tim.o(i.TIM_SelectSlaveMode), (20 bytes).
    Removing stm32f0xx_tim.o(i.TIM_SetAutoreload), (4 bytes).
    Removing stm32f0xx_tim.o(i.TIM_SetClockDivision), (20 bytes).
    Removing stm32f0xx_tim.o(i.TIM_SetCompare1), (4 bytes).
    Removing stm32f0xx_tim.o(i.TIM_SetCompare2), (4 bytes).
    Removing stm32f0xx_tim.o(i.TIM_SetCompare3), (4 bytes).
    Removing stm32f0xx_tim.o(i.TIM_SetCompare4), (4 bytes).
    Removing stm32f0xx_tim.o(i.TIM_SetCounter), (4 bytes).
    Removing stm32f0xx_tim.o(i.TIM_SetIC1Prescaler), (20 bytes).
    Removing stm32f0xx_tim.o(i.TIM_SetIC2Prescaler), (24 bytes).
    Removing stm32f0xx_tim.o(i.TIM_SetIC3Prescaler), (20 bytes).
    Removing stm32f0xx_tim.o(i.TIM_SetIC4Prescaler), (24 bytes).
    Removing stm32f0xx_tim.o(i.TIM_TIxExternalClockConfig), (58 bytes).
    Removing stm32f0xx_tim.o(i.TIM_TimeBaseStructInit), (18 bytes).
    Removing stm32f0xx_tim.o(i.TIM_UpdateDisableConfig), (28 bytes).
    Removing stm32f0xx_tim.o(i.TIM_UpdateRequestConfig), (28 bytes).
    Removing stm32f0xx_usart.o(.rev16_text), (4 bytes).
    Removing stm32f0xx_usart.o(.revsh_text), (4 bytes).
    Removing stm32f0xx_usart.o(i.USART_AddressDetectionConfig), (16 bytes).
    Removing stm32f0xx_usart.o(i.USART_AutoBaudRateCmd), (28 bytes).
    Removing stm32f0xx_usart.o(i.USART_AutoBaudRateConfig), (18 bytes).
    Removing stm32f0xx_usart.o(i.USART_ClearITPendingBit), (18 bytes).
    Removing stm32f0xx_usart.o(i.USART_ClockInit), (36 bytes).
    Removing stm32f0xx_usart.o(i.USART_ClockStructInit), (12 bytes).
    Removing stm32f0xx_usart.o(i.USART_DECmd), (28 bytes).
    Removing stm32f0xx_usart.o(i.USART_DEPolarityConfig), (18 bytes).
    Removing stm32f0xx_usart.o(i.USART_DMACmd), (20 bytes).
    Removing stm32f0xx_usart.o(i.USART_DMAReceptionErrorConfig), (18 bytes).
    Removing stm32f0xx_usart.o(i.USART_DataInvCmd), (28 bytes).
    Removing stm32f0xx_usart.o(i.USART_DeInit), (240 bytes).
    Removing stm32f0xx_usart.o(i.USART_DirectionModeCmd), (20 bytes).
    Removing stm32f0xx_usart.o(i.USART_HalfDuplexCmd), (24 bytes).
    Removing stm32f0xx_usart.o(i.USART_InvPinCmd), (20 bytes).
    Removing stm32f0xx_usart.o(i.USART_IrDACmd), (24 bytes).
    Removing stm32f0xx_usart.o(i.USART_IrDAConfig), (16 bytes).
    Removing stm32f0xx_usart.o(i.USART_LINBreakDetectLengthConfig), (16 bytes).
    Removing stm32f0xx_usart.o(i.USART_LINCmd), (28 bytes).
    Removing stm32f0xx_usart.o(i.USART_MSBFirstCmd), (28 bytes).
    Removing stm32f0xx_usart.o(i.USART_MuteModeCmd), (28 bytes).
    Removing stm32f0xx_usart.o(i.USART_MuteModeWakeUpConfig), (18 bytes).
    Removing stm32f0xx_usart.o(i.USART_OneBitMethodCmd), (28 bytes).
    Removing stm32f0xx_usart.o(i.USART_OverSampling8Cmd), (28 bytes).
    Removing stm32f0xx_usart.o(i.USART_OverrunDetectionConfig), (18 bytes).
    Removing stm32f0xx_usart.o(i.USART_ReceiverTimeOutCmd), (28 bytes).
    Removing stm32f0xx_usart.o(i.USART_RequestCmd), (20 bytes).
    Removing stm32f0xx_usart.o(i.USART_STOPModeCmd), (24 bytes).
    Removing stm32f0xx_usart.o(i.USART_SWAPPinCmd), (28 bytes).
    Removing stm32f0xx_usart.o(i.USART_SetAddress), (18 bytes).
    Removing stm32f0xx_usart.o(i.USART_SetAutoRetryCount), (20 bytes).
    Removing stm32f0xx_usart.o(i.USART_SetBlockLength), (18 bytes).
    Removing stm32f0xx_usart.o(i.USART_SetDEAssertionTime), (20 bytes).
    Removing stm32f0xx_usart.o(i.USART_SetDEDeassertionTime), (20 bytes).
    Removing stm32f0xx_usart.o(i.USART_SetGuardTime), (16 bytes).
    Removing stm32f0xx_usart.o(i.USART_SetPrescaler), (18 bytes).
    Removing stm32f0xx_usart.o(i.USART_SetReceiverTimeOut), (16 bytes).
    Removing stm32f0xx_usart.o(i.USART_SmartCardCmd), (24 bytes).
    Removing stm32f0xx_usart.o(i.USART_SmartCardNACKCmd), (24 bytes).
    Removing stm32f0xx_usart.o(i.USART_StopModeWakeUpSourceConfig), (18 bytes).
    Removing stm32f0xx_usart.o(i.USART_StructInit), (24 bytes).
    Removing stm32f0xx_wwdg.o(.rev16_text), (4 bytes).
    Removing stm32f0xx_wwdg.o(.revsh_text), (4 bytes).
    Removing stm32f0xx_wwdg.o(i.WWDG_ClearFlag), (12 bytes).
    Removing stm32f0xx_wwdg.o(i.WWDG_DeInit), (22 bytes).
    Removing stm32f0xx_wwdg.o(i.WWDG_Enable), (16 bytes).
    Removing stm32f0xx_wwdg.o(i.WWDG_EnableIT), (20 bytes).
    Removing stm32f0xx_wwdg.o(i.WWDG_GetFlagStatus), (24 bytes).
    Removing stm32f0xx_wwdg.o(i.WWDG_SetCounter), (16 bytes).
    Removing stm32f0xx_wwdg.o(i.WWDG_SetPrescaler), (32 bytes).
    Removing stm32f0xx_wwdg.o(i.WWDG_SetWindowValue), (40 bytes).
    Removing core.o(i.CoGetOSVersion), (6 bytes).
    Removing core.o(i.CoSchedLock), (16 bytes).
    Removing core.o(i.CoSchedUnlock), (8 bytes).
    Removing event.o(i.CreatEvent), (100 bytes).
    Removing event.o(i.DeleteEvent), (104 bytes).
    Removing event.o(i.EventTaskToWait), (148 bytes).
    Removing event.o(i.ReleaseECB), (48 bytes).
    Removing flag.o(i.CoAcceptMultipleFlags), (108 bytes).
    Removing flag.o(i.CoAcceptSingleFlag), (64 bytes).
    Removing flag.o(i.CoDelFlag), (168 bytes).
    Removing flag.o(i.CoWaitForMultipleFlags), (308 bytes).
    Removing flag.o(i.isr_SetFlag), (48 bytes).
    Removing hook.o(i.CoStkOverflowHook), (4 bytes).
    Removing mutex.o(i.CoCreateMutex), (84 bytes).
    Removing mutex.o(i.CoEnterMutexSection), (244 bytes).
    Removing mutex.o(i.CoLeaveMutexSection), (172 bytes).
    Removing mutex.o(i.RemoveMutexList), (136 bytes).
    Removing mutex.o(.bss), (80 bytes).
    Removing mutex.o(.data), (1 bytes).
    Removing sem.o(i.CoAcceptSem), (56 bytes).
    Removing sem.o(i.CoCreateSem), (36 bytes).
    Removing sem.o(i.CoDelSem), (28 bytes).
    Removing sem.o(i.CoPendSem), (156 bytes).
    Removing sem.o(i.isr_PostSem), (48 bytes).
    Removing servicereq.o(i.InsertInSRQ), (92 bytes).
    Removing task.o(i.CoDelTask), (196 bytes).
    Removing task.o(i.CoExitTask), (20 bytes).
    Removing task.o(i.CoGetCurTaskID), (12 bytes).
    Removing task.o(i.CoSetPriority), (292 bytes).
    Removing time.o(i.CoGetOSTime), (12 bytes).
    Removing time.o(i.CoResetTaskDelayTick), (80 bytes).
    Removing time.o(i.CoTimeDelay), (80 bytes).
    Removing timer.o(i.CoCreateTmr), (164 bytes).
    Removing timer.o(i.CoDelTmr), (52 bytes).
    Removing timer.o(i.CoGetCurTmrCnt), (24 bytes).
    Removing timer.o(i.CoSetTmrCnt), (60 bytes).
    Removing timer.o(i.CoStartTmr), (48 bytes).
    Removing timer.o(i.CoStopTmr), (48 bytes).

609 unused section(s) (total 23369 bytes) removed from the image.

==============================================================================

Image Symbol Table

    Local Symbols

    Symbol Name                              Value     Ov Type        Size  Object(Section)

    ../clib/angel/boardlib.s                 0x00000000   Number         0  boardinit3.o ABSOLUTE
    ../clib/angel/boardlib.s                 0x00000000   Number         0  boardinit2.o ABSOLUTE
    ../clib/angel/boardlib.s                 0x00000000   Number         0  boardinit1.o ABSOLUTE
    ../clib/angel/boardlib.s                 0x00000000   Number         0  boardshut.o ABSOLUTE
    ../clib/angel/handlers.s                 0x00000000   Number         0  __scatter_copy.o ABSOLUTE
    ../clib/angel/handlers.s                 0x00000000   Number         0  __scatter_zi.o ABSOLUTE
    ../clib/angel/kernel.s                   0x00000000   Number         0  rtexit2.o ABSOLUTE
    ../clib/angel/kernel.s                   0x00000000   Number         0  __rtentry2.o ABSOLUTE
    ../clib/angel/kernel.s                   0x00000000   Number         0  __rtentry4.o ABSOLUTE
    ../clib/angel/kernel.s                   0x00000000   Number         0  __rtentry.o ABSOLUTE
    ../clib/angel/kernel.s                   0x00000000   Number         0  rtexit.o ABSOLUTE
    ../clib/angel/rt.s                       0x00000000   Number         0  rt_div0.o ABSOLUTE
    ../clib/angel/rt.s                       0x00000000   Number         0  aeabi_idiv0_sigfpe.o ABSOLUTE
    ../clib/angel/rt.s                       0x00000000   Number         0  rt_raise.o ABSOLUTE
    ../clib/angel/rt.s                       0x00000000   Number         0  aeabi_idiv0.o ABSOLUTE
    ../clib/angel/scatterp.s                 0x00000000   Number         0  __scatter.o ABSOLUTE
    ../clib/angel/startup.s                  0x00000000   Number         0  __main.o ABSOLUTE
    ../clib/angel/sys.s                      0x00000000   Number         0  tempstk.o ABSOLUTE
    ../clib/angel/sys.s                      0x00000000   Number         0  libspace.o ABSOLUTE
    ../clib/angel/sys.s                      0x00000000   Number         0  use_no_semi.o ABSOLUTE
    ../clib/angel/sys.s                      0x00000000   Number         0  sys_stackheap_outer.o ABSOLUTE
    ../clib/angel/sys.s                      0x00000000   Number         0  indicate_semi.o ABSOLUTE
    ../clib/angel/sysapp.c                   0x00000000   Number         0  sys_command.o ABSOLUTE
    ../clib/angel/sysapp.c                   0x00000000   Number         0  sys_wrch.o ABSOLUTE
    ../clib/angel/sysapp.c                   0x00000000   Number         0  sys_exit.o ABSOLUTE
    ../clib/armsys.c                         0x00000000   Number         0  argv_veneer.o ABSOLUTE
    ../clib/armsys.c                         0x00000000   Number         0  no_argv.o ABSOLUTE
    ../clib/armsys.c                         0x00000000   Number         0  _get_argv_nomalloc.o ABSOLUTE
    ../clib/division.s                       0x00000000   Number         0  aeabi_sdiv.o ABSOLUTE
    ../clib/division.s                       0x00000000   Number         0  aeabi_sdiv_div0.o ABSOLUTE
    ../clib/heapalloc.c                      0x00000000   Number         0  hrguard.o ABSOLUTE
    ../clib/heapaux.c                        0x00000000   Number         0  heapauxi.o ABSOLUTE
    ../clib/libinit.s                        0x00000000   Number         0  libshutdown2.o ABSOLUTE
    ../clib/libinit.s                        0x00000000   Number         0  libinit.o ABSOLUTE
    ../clib/libinit.s                        0x00000000   Number         0  libshutdown.o ABSOLUTE
    ../clib/libinit.s                        0x00000000   Number         0  libinit2.o ABSOLUTE
    ../clib/memcpset.c                       0x00000000   Number         0  rt_memcpy.o ABSOLUTE
    ../clib/memcpset.c                       0x00000000   Number         0  rt_memcpy.o ABSOLUTE
    ../clib/signal.c                         0x00000000   Number         0  defsig_abrt_inner.o ABSOLUTE
    ../clib/signal.c                         0x00000000   Number         0  defsig_rtred_inner.o ABSOLUTE
    ../clib/signal.c                         0x00000000   Number         0  defsig_rtmem_inner.o ABSOLUTE
    ../clib/signal.c                         0x00000000   Number         0  defsig_rtmem_outer.o ABSOLUTE
    ../clib/signal.c                         0x00000000   Number         0  defsig_rtmem_formal.o ABSOLUTE
    ../clib/signal.c                         0x00000000   Number         0  defsig_stak_inner.o ABSOLUTE
    ../clib/signal.c                         0x00000000   Number         0  defsig_pvfn_inner.o ABSOLUTE
    ../clib/signal.c                         0x00000000   Number         0  __raise.o ABSOLUTE
    ../clib/signal.c                         0x00000000   Number         0  defsig_cppl_inner.o ABSOLUTE
    ../clib/signal.c                         0x00000000   Number         0  defsig_general.o ABSOLUTE
    ../clib/signal.c                         0x00000000   Number         0  defsig_segv_inner.o ABSOLUTE
    ../clib/signal.c                         0x00000000   Number         0  defsig_other.o ABSOLUTE
    ../clib/signal.c                         0x00000000   Number         0  defsig_fpe_outer.o ABSOLUTE
    ../clib/signal.c                         0x00000000   Number         0  defsig_fpe_formal.o ABSOLUTE
    ../clib/signal.c                         0x00000000   Number         0  defsig_fpe_inner.o ABSOLUTE
    ../clib/signal.c                         0x00000000   Number         0  defsig_exit.o ABSOLUTE
    ../clib/signal.s                         0x00000000   Number         0  defsig.o ABSOLUTE
    ../clib/stdlib.c                         0x00000000   Number         0  exit.o ABSOLUTE
    ../fplib/cfplib/fpinit.c                 0x00000000   Number         0  fpinit.o ABSOLUTE
    ..\CoOS\kernel\core.c                    0x00000000   Number         0  core.o ABSOLUTE
    ..\CoOS\kernel\event.c                   0x00000000   Number         0  event.o ABSOLUTE
    ..\CoOS\kernel\flag.c                    0x00000000   Number         0  flag.o ABSOLUTE
    ..\CoOS\kernel\hook.c                    0x00000000   Number         0  hook.o ABSOLUTE
    ..\CoOS\kernel\kernelHeap.c              0x00000000   Number         0  kernelheap.o ABSOLUTE
    ..\CoOS\kernel\mbox.c                    0x00000000   Number         0  mbox.o ABSOLUTE
    ..\CoOS\kernel\mm.c                      0x00000000   Number         0  mm.o ABSOLUTE
    ..\CoOS\kernel\mutex.c                   0x00000000   Number         0  mutex.o ABSOLUTE
    ..\CoOS\kernel\queue.c                   0x00000000   Number         0  queue.o ABSOLUTE
    ..\CoOS\kernel\sem.c                     0x00000000   Number         0  sem.o ABSOLUTE
    ..\CoOS\kernel\serviceReq.c              0x00000000   Number         0  servicereq.o ABSOLUTE
    ..\CoOS\kernel\task.c                    0x00000000   Number         0  task.o ABSOLUTE
    ..\CoOS\kernel\time.c                    0x00000000   Number         0  time.o ABSOLUTE
    ..\CoOS\kernel\timer.c                   0x00000000   Number         0  timer.o ABSOLUTE
    ..\CoOS\kernel\utility.c                 0x00000000   Number         0  utility.o ABSOLUTE
    ..\CoOS\portable\Keil\port.c             0x00000000   Number         0  port.o ABSOLUTE
    ..\CoOS\portable\arch.c                  0x00000000   Number         0  arch.o ABSOLUTE
    ..\\CoOS\\portable\\Keil\\port.c         0x00000000   Number         0  port.o ABSOLUTE
    ..\\lib\\src\\stm32f0xx_adc.c            0x00000000   Number         0  stm32f0xx_adc.o ABSOLUTE
    ..\\lib\\src\\stm32f0xx_can.c            0x00000000   Number         0  stm32f0xx_can.o ABSOLUTE
    ..\\lib\\src\\stm32f0xx_cec.c            0x00000000   Number         0  stm32f0xx_cec.o ABSOLUTE
    ..\\lib\\src\\stm32f0xx_comp.c           0x00000000   Number         0  stm32f0xx_comp.o ABSOLUTE
    ..\\lib\\src\\stm32f0xx_crc.c            0x00000000   Number         0  stm32f0xx_crc.o ABSOLUTE
    ..\\lib\\src\\stm32f0xx_crs.c            0x00000000   Number         0  stm32f0xx_crs.o ABSOLUTE
    ..\\lib\\src\\stm32f0xx_dac.c            0x00000000   Number         0  stm32f0xx_dac.o ABSOLUTE
    ..\\lib\\src\\stm32f0xx_dbgmcu.c         0x00000000   Number         0  stm32f0xx_dbgmcu.o ABSOLUTE
    ..\\lib\\src\\stm32f0xx_dma.c            0x00000000   Number         0  stm32f0xx_dma.o ABSOLUTE
    ..\\lib\\src\\stm32f0xx_exti.c           0x00000000   Number         0  stm32f0xx_exti.o ABSOLUTE
    ..\\lib\\src\\stm32f0xx_flash.c          0x00000000   Number         0  stm32f0xx_flash.o ABSOLUTE
    ..\\lib\\src\\stm32f0xx_gpio.c           0x00000000   Number         0  stm32f0xx_gpio.o ABSOLUTE
    ..\\lib\\src\\stm32f0xx_i2c.c            0x00000000   Number         0  stm32f0xx_i2c.o ABSOLUTE
    ..\\lib\\src\\stm32f0xx_iwdg.c           0x00000000   Number         0  stm32f0xx_iwdg.o ABSOLUTE
    ..\\lib\\src\\stm32f0xx_misc.c           0x00000000   Number         0  stm32f0xx_misc.o ABSOLUTE
    ..\\lib\\src\\stm32f0xx_pwr.c            0x00000000   Number         0  stm32f0xx_pwr.o ABSOLUTE
    ..\\lib\\src\\stm32f0xx_rcc.c            0x00000000   Number         0  stm32f0xx_rcc.o ABSOLUTE
    ..\\lib\\src\\stm32f0xx_rtc.c            0x00000000   Number         0  stm32f0xx_rtc.o ABSOLUTE
    ..\\lib\\src\\stm32f0xx_spi.c            0x00000000   Number         0  stm32f0xx_spi.o ABSOLUTE
    ..\\lib\\src\\stm32f0xx_syscfg.c         0x00000000   Number         0  stm32f0xx_syscfg.o ABSOLUTE
    ..\\lib\\src\\stm32f0xx_tim.c            0x00000000   Number         0  stm32f0xx_tim.o ABSOLUTE
    ..\\lib\\src\\stm32f0xx_usart.c          0x00000000   Number         0  stm32f0xx_usart.o ABSOLUTE
    ..\\lib\\src\\stm32f0xx_wwdg.c           0x00000000   Number         0  stm32f0xx_wwdg.o ABSOLUTE
    ..\\startup\\system_stm32f0xx.c          0x00000000   Number         0  system_stm32f0xx.o ABSOLUTE
    ..\\user\\App.c                          0x00000000   Number         0  app.o ABSOLUTE
    ..\\user\\adc.c                          0x00000000   Number         0  adc.o ABSOLUTE
    ..\\user\\gpio.c                         0x00000000   Number         0  gpio.o ABSOLUTE
    ..\\user\\pwm.c                          0x00000000   Number         0  pwm.o ABSOLUTE
    ..\\user\\ringbuf.c                      0x00000000   Number         0  ringbuf.o ABSOLUTE
    ..\\user\\stm32f0xx_it.c                 0x00000000   Number         0  stm32f0xx_it.o ABSOLUTE
    ..\\user\\sys.c                          0x00000000   Number         0  sys.o ABSOLUTE
    ..\\user\\usart.c                        0x00000000   Number         0  usart.o ABSOLUTE
    ..\\user\\wdog.c                         0x00000000   Number         0  wdog.o ABSOLUTE
    ..\lib\src\stm32f0xx_adc.c               0x00000000   Number         0  stm32f0xx_adc.o ABSOLUTE
    ..\lib\src\stm32f0xx_can.c               0x00000000   Number         0  stm32f0xx_can.o ABSOLUTE
    ..\lib\src\stm32f0xx_cec.c               0x00000000   Number         0  stm32f0xx_cec.o ABSOLUTE
    ..\lib\src\stm32f0xx_comp.c              0x00000000   Number         0  stm32f0xx_comp.o ABSOLUTE
    ..\lib\src\stm32f0xx_crc.c               0x00000000   Number         0  stm32f0xx_crc.o ABSOLUTE
    ..\lib\src\stm32f0xx_crs.c               0x00000000   Number         0  stm32f0xx_crs.o ABSOLUTE
    ..\lib\src\stm32f0xx_dac.c               0x00000000   Number         0  stm32f0xx_dac.o ABSOLUTE
    ..\lib\src\stm32f0xx_dbgmcu.c            0x00000000   Number         0  stm32f0xx_dbgmcu.o ABSOLUTE
    ..\lib\src\stm32f0xx_dma.c               0x00000000   Number         0  stm32f0xx_dma.o ABSOLUTE
    ..\lib\src\stm32f0xx_exti.c              0x00000000   Number         0  stm32f0xx_exti.o ABSOLUTE
    ..\lib\src\stm32f0xx_flash.c             0x00000000   Number         0  stm32f0xx_flash.o ABSOLUTE
    ..\lib\src\stm32f0xx_gpio.c              0x00000000   Number         0  stm32f0xx_gpio.o ABSOLUTE
    ..\lib\src\stm32f0xx_i2c.c               0x00000000   Number         0  stm32f0xx_i2c.o ABSOLUTE
    ..\lib\src\stm32f0xx_iwdg.c              0x00000000   Number         0  stm32f0xx_iwdg.o ABSOLUTE
    ..\lib\src\stm32f0xx_misc.c              0x00000000   Number         0  stm32f0xx_misc.o ABSOLUTE
    ..\lib\src\stm32f0xx_pwr.c               0x00000000   Number         0  stm32f0xx_pwr.o ABSOLUTE
    ..\lib\src\stm32f0xx_rcc.c               0x00000000   Number         0  stm32f0xx_rcc.o ABSOLUTE
    ..\lib\src\stm32f0xx_rtc.c               0x00000000   Number         0  stm32f0xx_rtc.o ABSOLUTE
    ..\lib\src\stm32f0xx_spi.c               0x00000000   Number         0  stm32f0xx_spi.o ABSOLUTE
    ..\lib\src\stm32f0xx_syscfg.c            0x00000000   Number         0  stm32f0xx_syscfg.o ABSOLUTE
    ..\lib\src\stm32f0xx_tim.c               0x00000000   Number         0  stm32f0xx_tim.o ABSOLUTE
    ..\lib\src\stm32f0xx_usart.c             0x00000000   Number         0  stm32f0xx_usart.o ABSOLUTE
    ..\lib\src\stm32f0xx_wwdg.c              0x00000000   Number         0  stm32f0xx_wwdg.o ABSOLUTE
    ..\startup\system_stm32f0xx.c            0x00000000   Number         0  system_stm32f0xx.o ABSOLUTE
    ..\user\App.c                            0x00000000   Number         0  app.o ABSOLUTE
    ..\user\adc.c                            0x00000000   Number         0  adc.o ABSOLUTE
    ..\user\gpio.c                           0x00000000   Number         0  gpio.o ABSOLUTE
    ..\user\pwm.c                            0x00000000   Number         0  pwm.o ABSOLUTE
    ..\user\ringbuf.c                        0x00000000   Number         0  ringbuf.o ABSOLUTE
    ..\user\ringbuffer.c                     0x00000000   Number         0  ringbuffer.o ABSOLUTE
    ..\user\stm32f0xx_it.c                   0x00000000   Number         0  stm32f0xx_it.o ABSOLUTE
    ..\user\sys.c                            0x00000000   Number         0  sys.o ABSOLUTE
    ..\user\usart.c                          0x00000000   Number         0  usart.o ABSOLUTE
    ..\user\wdog.c                           0x00000000   Number         0  wdog.o ABSOLUTE
    RTE\startup_stm32f030x6.s                0x00000000   Number         0  startup_stm32f030x6.o ABSOLUTE
    dc.s                                     0x00000000   Number         0  dc.o ABSOLUTE
    RESET                                    0x08000000   Section      176  startup_stm32f030x6.o(RESET)
    !!!main                                  0x080000b0   Section        8  __main.o(!!!main)
    !!!scatter                               0x080000b8   Section       60  __scatter.o(!!!scatter)
    !!handler_copy                           0x080000f4   Section       26  __scatter_copy.o(!!handler_copy)
    !!handler_zi                             0x08000110   Section       28  __scatter_zi.o(!!handler_zi)
    .ARM.Collect$$libinit$$00000000          0x0800012c   Section        2  libinit.o(.ARM.Collect$$libinit$$00000000)
    .ARM.Collect$$libinit$$00000002          0x0800012e   Section        0  libinit2.o(.ARM.Collect$$libinit$$00000002)
    .ARM.Collect$$libinit$$00000004          0x0800012e   Section        0  libinit2.o(.ARM.Collect$$libinit$$00000004)
    .ARM.Collect$$libinit$$0000000A          0x0800012e   Section        0  libinit2.o(.ARM.Collect$$libinit$$0000000A)
    .ARM.Collect$$libinit$$0000000C          0x0800012e   Section        0  libinit2.o(.ARM.Collect$$libinit$$0000000C)
    .ARM.Collect$$libinit$$0000000E          0x0800012e   Section        0  libinit2.o(.ARM.Collect$$libinit$$0000000E)
    .ARM.Collect$$libinit$$00000011          0x0800012e   Section        0  libinit2.o(.ARM.Collect$$libinit$$00000011)
    .ARM.Collect$$libinit$$00000013          0x0800012e   Section        0  libinit2.o(.ARM.Collect$$libinit$$00000013)
    .ARM.Collect$$libinit$$00000015          0x0800012e   Section        0  libinit2.o(.ARM.Collect$$libinit$$00000015)
    .ARM.Collect$$libinit$$00000017          0x0800012e   Section        0  libinit2.o(.ARM.Collect$$libinit$$00000017)
    .ARM.Collect$$libinit$$00000019          0x0800012e   Section        0  libinit2.o(.ARM.Collect$$libinit$$00000019)
    .ARM.Collect$$libinit$$0000001B          0x0800012e   Section        0  libinit2.o(.ARM.Collect$$libinit$$0000001B)
    .ARM.Collect$$libinit$$0000001D          0x0800012e   Section        0  libinit2.o(.ARM.Collect$$libinit$$0000001D)
    .ARM.Collect$$libinit$$0000001F          0x0800012e   Section        0  libinit2.o(.ARM.Collect$$libinit$$0000001F)
    .ARM.Collect$$libinit$$00000021          0x0800012e   Section        0  libinit2.o(.ARM.Collect$$libinit$$00000021)
    .ARM.Collect$$libinit$$00000023          0x0800012e   Section        0  libinit2.o(.ARM.Collect$$libinit$$00000023)
    .ARM.Collect$$libinit$$00000025          0x0800012e   Section        0  libinit2.o(.ARM.Collect$$libinit$$00000025)
    .ARM.Collect$$libinit$$0000002C          0x0800012e   Section        0  libinit2.o(.ARM.Collect$$libinit$$0000002C)
    .ARM.Collect$$libinit$$0000002E          0x0800012e   Section        0  libinit2.o(.ARM.Collect$$libinit$$0000002E)
    .ARM.Collect$$libinit$$00000030          0x0800012e   Section        0  libinit2.o(.ARM.Collect$$libinit$$00000030)
    .ARM.Collect$$libinit$$00000032          0x0800012e   Section        0  libinit2.o(.ARM.Collect$$libinit$$00000032)
    .ARM.Collect$$libinit$$00000033          0x0800012e   Section        2  libinit2.o(.ARM.Collect$$libinit$$00000033)
    .ARM.Collect$$libshutdown$$00000000      0x08000130   Section        2  libshutdown.o(.ARM.Collect$$libshutdown$$00000000)
    .ARM.Collect$$libshutdown$$00000002      0x08000132   Section        0  libshutdown2.o(.ARM.Collect$$libshutdown$$00000002)
    .ARM.Collect$$libshutdown$$00000004      0x08000132   Section        0  libshutdown2.o(.ARM.Collect$$libshutdown$$00000004)
    .ARM.Collect$$libshutdown$$00000007      0x08000132   Section        0  libshutdown2.o(.ARM.Collect$$libshutdown$$00000007)
    .ARM.Collect$$libshutdown$$0000000A      0x08000132   Section        0  libshutdown2.o(.ARM.Collect$$libshutdown$$0000000A)
    .ARM.Collect$$libshutdown$$0000000C      0x08000132   Section        0  libshutdown2.o(.ARM.Collect$$libshutdown$$0000000C)
    .ARM.Collect$$libshutdown$$0000000F      0x08000132   Section        0  libshutdown2.o(.ARM.Collect$$libshutdown$$0000000F)
    .ARM.Collect$$libshutdown$$00000010      0x08000132   Section        2  libshutdown2.o(.ARM.Collect$$libshutdown$$00000010)
    .ARM.Collect$$rtentry$$00000000          0x08000134   Section        0  __rtentry.o(.ARM.Collect$$rtentry$$00000000)
    .ARM.Collect$$rtentry$$00000002          0x08000134   Section        0  __rtentry2.o(.ARM.Collect$$rtentry$$00000002)
    .ARM.Collect$$rtentry$$00000004          0x08000134   Section        6  __rtentry4.o(.ARM.Collect$$rtentry$$00000004)
    .ARM.Collect$$rtentry$$00000009          0x0800013a   Section        0  __rtentry2.o(.ARM.Collect$$rtentry$$00000009)
    .ARM.Collect$$rtentry$$0000000A          0x0800013a   Section        4  __rtentry2.o(.ARM.Collect$$rtentry$$0000000A)
    .ARM.Collect$$rtentry$$0000000C          0x0800013e   Section        0  __rtentry2.o(.ARM.Collect$$rtentry$$0000000C)
    .ARM.Collect$$rtentry$$0000000D          0x0800013e   Section        8  __rtentry2.o(.ARM.Collect$$rtentry$$0000000D)
    .ARM.Collect$$rtexit$$00000000           0x08000146   Section        2  rtexit.o(.ARM.Collect$$rtexit$$00000000)
    .ARM.Collect$$rtexit$$00000002           0x08000148   Section        0  rtexit2.o(.ARM.Collect$$rtexit$$00000002)
    .ARM.Collect$$rtexit$$00000003           0x08000148   Section        4  rtexit2.o(.ARM.Collect$$rtexit$$00000003)
    .ARM.Collect$$rtexit$$00000004           0x0800014c   Section        6  rtexit2.o(.ARM.Collect$$rtexit$$00000004)
    .emb_text                                0x08000154   Section      156  port.o(.emb_text)
    .emb_text                                0x080001f0   Section       56  rt_memcpy.o(.emb_text)
    .text                                    0x08000228   Section       56  startup_stm32f030x6.o(.text)
    .text                                    0x08000260   Section      346  aeabi_sdiv.o(.text)
    .text                                    0x080003ba   Section        0  heapauxi.o(.text)
    .text                                    0x080003c0   Section       62  sys_stackheap_outer.o(.text)
    .text                                    0x080003fe   Section        0  exit.o(.text)
    .text                                    0x08000410   Section        8  libspace.o(.text)
    .text                                    0x08000418   Section        0  sys_exit.o(.text)
    .text                                    0x08000424   Section        2  use_no_semi.o(.text)
    .text                                    0x08000426   Section        0  indicate_semi.o(.text)
    i.ADC_ChannelConfig                      0x08000426   Section        0  stm32f0xx_adc.o(i.ADC_ChannelConfig)
    i.ADC_Cmd                                0x0800043e   Section        0  stm32f0xx_adc.o(i.ADC_Cmd)
    i.ADC_DMACmd                             0x08000456   Section        0  stm32f0xx_adc.o(i.ADC_DMACmd)
    i.ADC_DMARequestModeConfig               0x0800046e   Section        0  stm32f0xx_adc.o(i.ADC_DMARequestModeConfig)
    i.ADC_DeInit                             0x08000480   Section        0  stm32f0xx_adc.o(i.ADC_DeInit)
    i.ADC_GetCalibrationFactor               0x080004a0   Section        0  stm32f0xx_adc.o(i.ADC_GetCalibrationFactor)
    i.ADC_GetFlagStatus                      0x080004dc   Section        0  stm32f0xx_adc.o(i.ADC_GetFlagStatus)
    i.ADC_Init                               0x0800050c   Section        0  stm32f0xx_adc.o(i.ADC_Init)
    i.ADC_StartOfConversion                  0x08000538   Section        0  stm32f0xx_adc.o(i.ADC_StartOfConversion)
    i.ADC_StructInit                         0x08000542   Section        0  stm32f0xx_adc.o(i.ADC_StructInit)
    i.AssignTCB                              0x08000554   Section        0  task.o(i.AssignTCB)
    AssignTCB                                0x08000555   Thumb Code    48  task.o(i.AssignTCB)
    i.CoClearFlag                            0x0800058c   Section        0  flag.o(i.CoClearFlag)
    i.CoCreateFlag                           0x080005a4   Section        0  flag.o(i.CoCreateFlag)
    i.CoEnterISR                             0x08000610   Section        0  core.o(i.CoEnterISR)
    i.CoExitISR                              0x08000620   Section        0  core.o(i.CoExitISR)
    i.CoIdleTask                             0x08000660   Section        0  hook.o(i.CoIdleTask)
    i.CoInitOS                               0x08000664   Section        0  core.o(i.CoInitOS)
    i.CoPostSem                              0x080006d0   Section        0  sem.o(i.CoPostSem)
    i.CoSetFlag                              0x0800070c   Section        0  flag.o(i.CoSetFlag)
    i.CoStartOS                              0x080007a0   Section        0  core.o(i.CoStartOS)
    i.CoTickDelay                            0x080007d4   Section        0  time.o(i.CoTickDelay)
    i.CoWaitForSingleFlag                    0x0800082c   Section        0  flag.o(i.CoWaitForSingleFlag)
    i.CreateEventList                        0x0800091c   Section        0  event.o(i.CreateEventList)
    i.CreateTCBList                          0x08000964   Section        0  task.o(i.CreateTCBList)
    i.CreateTask                             0x0800099c   Section        0  task.o(i.CreateTask)
    i.DMA_ClearFlag                          0x08000a10   Section        0  stm32f0xx_dma.o(i.DMA_ClearFlag)
    i.DMA_Cmd                                0x08000a30   Section        0  stm32f0xx_dma.o(i.DMA_Cmd)
    i.DMA_DeInit                             0x08000a4c   Section        0  stm32f0xx_dma.o(i.DMA_DeInit)
    i.DMA_GetFlagStatus                      0x08000bb0   Section        0  stm32f0xx_dma.o(i.DMA_GetFlagStatus)
    i.DMA_Init                               0x08000be4   Section        0  stm32f0xx_dma.o(i.DMA_Init)
    i.EventTaskToRdy                         0x08000c24   Section        0  event.o(i.EventTaskToRdy)
    i.FLASH_PrefetchBufferCmd                0x08000c8c   Section        0  stm32f0xx_flash.o(i.FLASH_PrefetchBufferCmd)
    i.FLASH_SetLatency                       0x08000cb0   Section        0  stm32f0xx_flash.o(i.FLASH_SetLatency)
    i.FlagBlock                              0x08000ccc   Section        0  flag.o(i.FlagBlock)
    FlagBlock                                0x08000ccd   Thumb Code    52  flag.o(i.FlagBlock)
    i.GPIO_Init                              0x08000d08   Section        0  stm32f0xx_gpio.o(i.GPIO_Init)
    i.GPIO_PinAFConfig                       0x08000d98   Section        0  stm32f0xx_gpio.o(i.GPIO_PinAFConfig)
    i.GPIO_SetBits                           0x08000ddc   Section        0  stm32f0xx_gpio.o(i.GPIO_SetBits)
    i.HardFault_Handler                      0x08000de0   Section        0  stm32f0xx_it.o(i.HardFault_Handler)
    i.InitTaskContext                        0x08000de2   Section        0  arch.o(i.InitTaskContext)
    i.InsertDelayList                        0x08000e04   Section        0  time.o(i.InsertDelayList)
    i.InsertTmrList                          0x08000e98   Section        0  timer.o(i.InsertTmrList)
    InsertTmrList                            0x08000e99   Thumb Code   270  timer.o(i.InsertTmrList)
    i.InsertToTCBRdyList                     0x08000fb4   Section        0  task.o(i.InsertToTCBRdyList)
    i.LED_Task                               0x08001014   Section        0  app.o(i.LED_Task)
    i.MOTO_Task                              0x0800104c   Section        0  app.o(i.MOTO_Task)
    i.NMI_Handler                            0x08001134   Section        0  stm32f0xx_it.o(i.NMI_Handler)
    i.OsSchedUnlock                          0x08001138   Section        0  core.o(i.OsSchedUnlock)
    i.RCC_AHBPeriphClockCmd                  0x0800117c   Section        0  stm32f0xx_rcc.o(i.RCC_AHBPeriphClockCmd)
    i.RCC_APB1PeriphClockCmd                 0x0800119c   Section        0  stm32f0xx_rcc.o(i.RCC_APB1PeriphClockCmd)
    i.RCC_APB2PeriphClockCmd                 0x080011bc   Section        0  stm32f0xx_rcc.o(i.RCC_APB2PeriphClockCmd)
    i.RCC_APB2PeriphResetCmd                 0x080011dc   Section        0  stm32f0xx_rcc.o(i.RCC_APB2PeriphResetCmd)
    i.RCC_DeInit                             0x080011fc   Section        0  stm32f0xx_rcc.o(i.RCC_DeInit)
    i.RCC_GetClocksFreq                      0x08001274   Section        0  stm32f0xx_rcc.o(i.RCC_GetClocksFreq)
    i.RCC_GetFlagStatus                      0x080014bc   Section        0  stm32f0xx_rcc.o(i.RCC_GetFlagStatus)
    i.RCC_HCLKConfig                         0x08001504   Section        0  stm32f0xx_rcc.o(i.RCC_HCLKConfig)
    i.RCC_HSICmd                             0x08001524   Section        0  stm32f0xx_rcc.o(i.RCC_HSICmd)
    i.RCC_PCLKConfig                         0x08001548   Section        0  stm32f0xx_rcc.o(i.RCC_PCLKConfig)
    i.RCC_PLLCmd                             0x0800156c   Section        0  stm32f0xx_rcc.o(i.RCC_PLLCmd)
    i.RCC_PLLConfig                          0x08001594   Section        0  stm32f0xx_rcc.o(i.RCC_PLLConfig)
    i.RCC_SYSCLKConfig                       0x080015b8   Section        0  stm32f0xx_rcc.o(i.RCC_SYSCLKConfig)
    i.RemoveDelayList                        0x080015d4   Section        0  time.o(i.RemoveDelayList)
    i.RemoveEventWaittingList                0x08001640   Section        0  event.o(i.RemoveEventWaittingList)
    i.RemoveFromLink                         0x08001698   Section        0  flag.o(i.RemoveFromLink)
    RemoveFromLink                           0x08001699   Thumb Code    56  flag.o(i.RemoveFromLink)
    i.RemoveFromTCBRdyList                   0x080016d4   Section        0  task.o(i.RemoveFromTCBRdyList)
    i.RemoveLinkNode                         0x08001724   Section        0  flag.o(i.RemoveLinkNode)
    i.RemoveTmrList                          0x08001778   Section        0  timer.o(i.RemoveTmrList)
    RemoveTmrList                            0x08001779   Thumb Code   126  timer.o(i.RemoveTmrList)
    i.RespondSRQ                             0x08001804   Section        0  servicereq.o(i.RespondSRQ)
    i.RingbufPut                             0x080018b4   Section        0  ringbuf.o(i.RingbufPut)
    i.SVC_Handler                            0x0800190c   Section        0  stm32f0xx_it.o(i.SVC_Handler)
    i.Schedule                               0x08001910   Section        0  task.o(i.Schedule)
    i.SetSysClock                            0x08001994   Section        0  system_stm32f0xx.o(i.SetSysClock)
    SetSysClock                              0x08001995   Thumb Code   206  system_stm32f0xx.o(i.SetSysClock)
    i.SysInitRcc                             0x08001a6c   Section        0  sys.o(i.SysInitRcc)
    i.SysTick_Handler                        0x08001ad4   Section        0  arch.o(i.SysTick_Handler)
    i.SystemInit                             0x08001b70   Section        0  system_stm32f0xx.o(i.SystemInit)
    i.TIM_ARRPreloadConfig                   0x08001bec   Section        0  stm32f0xx_tim.o(i.TIM_ARRPreloadConfig)
    i.TIM_Cmd                                0x08001c08   Section        0  stm32f0xx_tim.o(i.TIM_Cmd)
    i.TIM_CtrlPWMOutputs                     0x08001c24   Section        0  stm32f0xx_tim.o(i.TIM_CtrlPWMOutputs)
    i.TIM_OC1Init                            0x08001c48   Section        0  stm32f0xx_tim.o(i.TIM_OC1Init)
    i.TIM_OC1PreloadConfig                   0x08001cdc   Section        0  stm32f0xx_tim.o(i.TIM_OC1PreloadConfig)
    i.TIM_OC2Init                            0x08001cf4   Section        0  stm32f0xx_tim.o(i.TIM_OC2Init)
    i.TIM_OC2PreloadConfig                   0x08001da0   Section        0  stm32f0xx_tim.o(i.TIM_OC2PreloadConfig)
    i.TIM_OC3Init                            0x08001db8   Section        0  stm32f0xx_tim.o(i.TIM_OC3Init)
    i.TIM_OC3PreloadConfig                   0x08001e50   Section        0  stm32f0xx_tim.o(i.TIM_OC3PreloadConfig)
    i.TIM_TimeBaseInit                       0x08001e68   Section        0  stm32f0xx_tim.o(i.TIM_TimeBaseInit)
    i.TimeDispose                            0x08001ee4   Section        0  time.o(i.TimeDispose)
    i.TmrDispose                             0x08001f38   Section        0  timer.o(i.TmrDispose)
    i.USART1_IRQHandler                      0x08001f84   Section        0  app.o(i.USART1_IRQHandler)
    i.USART_ClearFlag                        0x08001fc0   Section        0  stm32f0xx_usart.o(i.USART_ClearFlag)
    i.USART_Cmd                              0x08001fc4   Section        0  stm32f0xx_usart.o(i.USART_Cmd)
    i.USART_GetFlagStatus                    0x08001fdc   Section        0  stm32f0xx_usart.o(i.USART_GetFlagStatus)
    i.USART_GetITStatus                      0x08001ff0   Section        0  stm32f0xx_usart.o(i.USART_GetITStatus)
    i.USART_ITConfig                         0x0800203e   Section        0  stm32f0xx_usart.o(i.USART_ITConfig)
    i.USART_Init                             0x08002080   Section        0  stm32f0xx_usart.o(i.USART_Init)
    i.USART_ReceiveData                      0x08002178   Section        0  stm32f0xx_usart.o(i.USART_ReceiveData)
    i.USART_SendData                         0x08002182   Section        0  stm32f0xx_usart.o(i.USART_SendData)
    i.__io_putchar                           0x0800218c   Section        0  usart.o(i.__io_putchar)
    i.__io_puts                              0x080021c0   Section        0  usart.o(i.__io_puts)
    i.adc_init                               0x080021dc   Section        0  adc.o(i.adc_init)
    i.adc_read                               0x080022d8   Section        0  adc.o(i.adc_read)
    i.gpio_mode                              0x080022f8   Section        0  gpio.o(i.gpio_mode)
    i.gpio_write                             0x08002368   Section        0  gpio.o(i.gpio_write)
    i.isr_TimeDispose                        0x080023b0   Section        0  time.o(i.isr_TimeDispose)
    i.isr_TmrDispose                         0x080023d8   Section        0  timer.o(i.isr_TmrDispose)
    i.main                                   0x08002400   Section        0  app.o(i.main)
    i.pwm_init                               0x0800245c   Section        0  pwm.o(i.pwm_init)
    i.usart_mode_init                        0x080025b4   Section        0  usart.o(i.usart_mode_init)
    .constdata                               0x08002644   Section        4  app.o(.constdata)
    .constdata                               0x08002648   Section      192  gpio.o(.constdata)
    gpio_mode_buff                           0x080026f8   Data           3  gpio.o(.constdata)
    gpio_pupd_buff                           0x080026fb   Data           3  gpio.o(.constdata)
    .constdata                               0x08002708   Section       32  usart.o(.constdata)
    .data                                    0x20000000   Section        2  app.o(.data)
    .data                                    0x20000002   Section        2  adc.o(.data)
    .data                                    0x20000004   Section       12  ringbuf.o(.data)
    .data                                    0x20000010   Section       16  stm32f0xx_rcc.o(.data)
    APBAHBPrescTable                         0x20000010   Data          16  stm32f0xx_rcc.o(.data)
    .data                                    0x20000020   Section        3  core.o(.data)
    .data                                    0x20000024   Section        4  event.o(.data)
    .data                                    0x20000028   Section        3  servicereq.o(.data)
    .data                                    0x20000030   Section       24  task.o(.data)
    .data                                    0x20000048   Section        4  time.o(.data)
    .data                                    0x2000004c   Section        8  timer.o(.data)
    .data                                    0x20000058   Section        8  arch.o(.data)
    .bss                                     0x20000060   Section     1024  app.o(.bss)
    .bss                                     0x20000460   Section       50  ringbuf.o(.bss)
    .bss                                     0x20000494   Section       80  event.o(.bss)
    .bss                                     0x200004e4   Section       20  flag.o(.bss)
    .bss                                     0x200004f8   Section       28  servicereq.o(.bss)
    .bss                                     0x20000514   Section      340  task.o(.bss)
    .bss                                     0x20000668   Section       48  timer.o(.bss)
    .bss                                     0x20000698   Section       96  libspace.o(.bss)
    HEAP                                     0x200006f8   Section      512  startup_stm32f030x6.o(HEAP)
    Heap_Mem                                 0x200006f8   Data         512  startup_stm32f030x6.o(HEAP)
    STACK                                    0x200008f8   Section     1024  startup_stm32f030x6.o(STACK)
    Stack_Mem                                0x200008f8   Data        1024  startup_stm32f030x6.o(STACK)
    __initial_sp                             0x20000cf8   Data           0  startup_stm32f030x6.o(STACK)

    Global Symbols

    Symbol Name                              Value     Ov Type        Size  Object(Section)

    BuildAttributes$$THM_ISAv3M$S$PE$A:L22$X:L11$S22$IEEE1$IW$USESV6$~STKCKD$USESV7$~SHL$OSPACE$ROPI$EBA8$UX$STANDARDLIB$REQ8$EABIv2 0x00000000   Number         0  anon$$obj.o ABSOLUTE
    __ARM_use_no_argv                        0x00000000   Number         0  app.o ABSOLUTE
    __ARM_exceptions_init                     - Undefined Weak Reference
    __alloca_initialize                       - Undefined Weak Reference
    __arm_preinit_                            - Undefined Weak Reference
    __cpp_initialize__aeabi_                  - Undefined Weak Reference
    __cxa_finalize                            - Undefined Weak Reference
    __rt_locale                               - Undefined Weak Reference
    __sigvec_lookup                           - Undefined Weak Reference
    _atexit_init                              - Undefined Weak Reference
    _call_atexit_fns                          - Undefined Weak Reference
    _clock_init                               - Undefined Weak Reference
    _fp_trap_init                             - Undefined Weak Reference
    _fp_trap_shutdown                         - Undefined Weak Reference
    _get_lc_collate                           - Undefined Weak Reference
    _get_lc_ctype                             - Undefined Weak Reference
    _get_lc_monetary                          - Undefined Weak Reference
    _get_lc_numeric                           - Undefined Weak Reference
    _get_lc_time                              - Undefined Weak Reference
    _getenv_init                              - Undefined Weak Reference
    _handle_redirection                       - Undefined Weak Reference
    _init_alloc                               - Undefined Weak Reference
    _init_user_alloc                          - Undefined Weak Reference
    _initio                                   - Undefined Weak Reference
    _rand_init                                - Undefined Weak Reference
    _signal_finish                            - Undefined Weak Reference
    _signal_init                              - Undefined Weak Reference
    _terminate_alloc                          - Undefined Weak Reference
    _terminate_user_alloc                     - Undefined Weak Reference
    _terminateio                              - Undefined Weak Reference
    __Vectors_Size                           0x000000b0   Number         0  startup_stm32f030x6.o ABSOLUTE
    __Vectors                                0x08000000   Data           4  startup_stm32f030x6.o(RESET)
    __Vectors_End                            0x080000b0   Data           0  startup_stm32f030x6.o(RESET)
    __main                                   0x080000b1   Thumb Code     8  __main.o(!!!main)
    __scatterload                            0x080000b9   Thumb Code     0  __scatter.o(!!!scatter)
    __scatterload_rt2                        0x080000b9   Thumb Code    52  __scatter.o(!!!scatter)
    __scatterload_rt2_thumb_only             0x080000b9   Thumb Code     0  __scatter.o(!!!scatter)
    __scatterload_null                       0x080000c9   Thumb Code     0  __scatter.o(!!!scatter)
    __scatterload_copy                       0x080000f5   Thumb Code    26  __scatter_copy.o(!!handler_copy)
    __scatterload_zeroinit                   0x08000111   Thumb Code    28  __scatter_zi.o(!!handler_zi)
    __rt_lib_init                            0x0800012d   Thumb Code     0  libinit.o(.ARM.Collect$$libinit$$00000000)
    __rt_lib_init_alloca_1                   0x0800012f   Thumb Code     0  libinit2.o(.ARM.Collect$$libinit$$0000002E)
    __rt_lib_init_argv_1                     0x0800012f   Thumb Code     0  libinit2.o(.ARM.Collect$$libinit$$0000002C)
    __rt_lib_init_atexit_1                   0x0800012f   Thumb Code     0  libinit2.o(.ARM.Collect$$libinit$$0000001B)
    __rt_lib_init_clock_1                    0x0800012f   Thumb Code     0  libinit2.o(.ARM.Collect$$libinit$$00000021)
    __rt_lib_init_cpp_1                      0x0800012f   Thumb Code     0  libinit2.o(.ARM.Collect$$libinit$$00000032)
    __rt_lib_init_exceptions_1               0x0800012f   Thumb Code     0  libinit2.o(.ARM.Collect$$libinit$$00000030)
    __rt_lib_init_fp_1                       0x0800012f   Thumb Code     0  libinit2.o(.ARM.Collect$$libinit$$00000002)
    __rt_lib_init_fp_trap_1                  0x0800012f   Thumb Code     0  libinit2.o(.ARM.Collect$$libinit$$0000001F)
    __rt_lib_init_getenv_1                   0x0800012f   Thumb Code     0  libinit2.o(.ARM.Collect$$libinit$$00000023)
    __rt_lib_init_heap_1                     0x0800012f   Thumb Code     0  libinit2.o(.ARM.Collect$$libinit$$0000000A)
    __rt_lib_init_lc_collate_1               0x0800012f   Thumb Code     0  libinit2.o(.ARM.Collect$$libinit$$00000011)
    __rt_lib_init_lc_ctype_1                 0x0800012f   Thumb Code     0  libinit2.o(.ARM.Collect$$libinit$$00000013)
    __rt_lib_init_lc_monetary_1              0x0800012f   Thumb Code     0  libinit2.o(.ARM.Collect$$libinit$$00000015)
    __rt_lib_init_lc_numeric_1               0x0800012f   Thumb Code     0  libinit2.o(.ARM.Collect$$libinit$$00000017)
    __rt_lib_init_lc_time_1                  0x0800012f   Thumb Code     0  libinit2.o(.ARM.Collect$$libinit$$00000019)
    __rt_lib_init_preinit_1                  0x0800012f   Thumb Code     0  libinit2.o(.ARM.Collect$$libinit$$00000004)
    __rt_lib_init_rand_1                     0x0800012f   Thumb Code     0  libinit2.o(.ARM.Collect$$libinit$$0000000E)
    __rt_lib_init_return                     0x0800012f   Thumb Code     0  libinit2.o(.ARM.Collect$$libinit$$00000033)
    __rt_lib_init_signal_1                   0x0800012f   Thumb Code     0  libinit2.o(.ARM.Collect$$libinit$$0000001D)
    __rt_lib_init_stdio_1                    0x0800012f   Thumb Code     0  libinit2.o(.ARM.Collect$$libinit$$00000025)
    __rt_lib_init_user_alloc_1               0x0800012f   Thumb Code     0  libinit2.o(.ARM.Collect$$libinit$$0000000C)
    __rt_lib_shutdown                        0x08000131   Thumb Code     0  libshutdown.o(.ARM.Collect$$libshutdown$$00000000)
    __rt_lib_shutdown_cpp_1                  0x08000133   Thumb Code     0  libshutdown2.o(.ARM.Collect$$libshutdown$$00000002)
    __rt_lib_shutdown_fp_trap_1              0x08000133   Thumb Code     0  libshutdown2.o(.ARM.Collect$$libshutdown$$00000007)
    __rt_lib_shutdown_heap_1                 0x08000133   Thumb Code     0  libshutdown2.o(.ARM.Collect$$libshutdown$$0000000F)
    __rt_lib_shutdown_return                 0x08000133   Thumb Code     0  libshutdown2.o(.ARM.Collect$$libshutdown$$00000010)
    __rt_lib_shutdown_signal_1               0x08000133   Thumb Code     0  libshutdown2.o(.ARM.Collect$$libshutdown$$0000000A)
    __rt_lib_shutdown_stdio_1                0x08000133   Thumb Code     0  libshutdown2.o(.ARM.Collect$$libshutdown$$00000004)
    __rt_lib_shutdown_user_alloc_1           0x08000133   Thumb Code     0  libshutdown2.o(.ARM.Collect$$libshutdown$$0000000C)
    __rt_entry                               0x08000135   Thumb Code     0  __rtentry.o(.ARM.Collect$$rtentry$$00000000)
    __rt_entry_presh_1                       0x08000135   Thumb Code     0  __rtentry2.o(.ARM.Collect$$rtentry$$00000002)
    __rt_entry_sh                            0x08000135   Thumb Code     0  __rtentry4.o(.ARM.Collect$$rtentry$$00000004)
    __rt_entry_li                            0x0800013b   Thumb Code     0  __rtentry2.o(.ARM.Collect$$rtentry$$0000000A)
    __rt_entry_postsh_1                      0x0800013b   Thumb Code     0  __rtentry2.o(.ARM.Collect$$rtentry$$00000009)
    __rt_entry_main                          0x0800013f   Thumb Code     0  __rtentry2.o(.ARM.Collect$$rtentry$$0000000D)
    __rt_entry_postli_1                      0x0800013f   Thumb Code     0  __rtentry2.o(.ARM.Collect$$rtentry$$0000000C)
    __rt_exit                                0x08000147   Thumb Code     0  rtexit.o(.ARM.Collect$$rtexit$$00000000)
    __rt_exit_ls                             0x08000149   Thumb Code     0  rtexit2.o(.ARM.Collect$$rtexit$$00000003)
    __rt_exit_prels_1                        0x08000149   Thumb Code     0  rtexit2.o(.ARM.Collect$$rtexit$$00000002)
    __rt_exit_exit                           0x0800014d   Thumb Code     0  rtexit2.o(.ARM.Collect$$rtexit$$00000004)
    Inc8                                     0x08000155   Thumb Code    20  port.o(.emb_text)
    Dec8                                     0x08000169   Thumb Code    20  port.o(.emb_text)
    IRQ_ENABLE_RESTORE                       0x0800017d   Thumb Code     4  port.o(.emb_text)
    IRQ_DISABLE_SAVE                         0x08000181   Thumb Code     4  port.o(.emb_text)
    SetEnvironment                           0x08000185   Thumb Code     8  port.o(.emb_text)
    SwitchContext                            0x0800018d   Thumb Code     8  port.o(.emb_text)
    PendSV_Handler                           0x0800019d   Thumb Code    72  port.o(.emb_text)
    __aeabi_memcpy4                          0x080001f1   Thumb Code    56  rt_memcpy.o(.emb_text)
    __aeabi_memcpy8                          0x080001f1   Thumb Code     0  rt_memcpy.o(.emb_text)
    Reset_Handler                            0x08000229   Thumb Code     8  startup_stm32f030x6.o(.text)
    ADC1_IRQHandler                          0x0800023b   Thumb Code     0  startup_stm32f030x6.o(.text)
    DMA1_Channel1_IRQHandler                 0x0800023b   Thumb Code     0  startup_stm32f030x6.o(.text)
    DMA1_Channel2_3_IRQHandler               0x0800023b   Thumb Code     0  startup_stm32f030x6.o(.text)
    DMA1_Channel4_5_IRQHandler               0x0800023b   Thumb Code     0  startup_stm32f030x6.o(.text)
    EXTI0_1_IRQHandler                       0x0800023b   Thumb Code     0  startup_stm32f030x6.o(.text)
    EXTI2_3_IRQHandler                       0x0800023b   Thumb Code     0  startup_stm32f030x6.o(.text)
    EXTI4_15_IRQHandler                      0x0800023b   Thumb Code     0  startup_stm32f030x6.o(.text)
    FLASH_IRQHandler                         0x0800023b   Thumb Code     0  startup_stm32f030x6.o(.text)
    I2C1_IRQHandler                          0x0800023b   Thumb Code     0  startup_stm32f030x6.o(.text)
    RCC_IRQHandler                           0x0800023b   Thumb Code     0  startup_stm32f030x6.o(.text)
    RTC_IRQHandler                           0x0800023b   Thumb Code     0  startup_stm32f030x6.o(.text)
    SPI1_IRQHandler                          0x0800023b   Thumb Code     0  startup_stm32f030x6.o(.text)
    TIM14_IRQHandler                         0x0800023b   Thumb Code     0  startup_stm32f030x6.o(.text)
    TIM16_IRQHandler                         0x0800023b   Thumb Code     0  startup_stm32f030x6.o(.text)
    TIM17_IRQHandler                         0x0800023b   Thumb Code     0  startup_stm32f030x6.o(.text)
    TIM1_BRK_UP_TRG_COM_IRQHandler           0x0800023b   Thumb Code     0  startup_stm32f030x6.o(.text)
    TIM1_CC_IRQHandler                       0x0800023b   Thumb Code     0  startup_stm32f030x6.o(.text)
    TIM3_IRQHandler                          0x0800023b   Thumb Code     0  startup_stm32f030x6.o(.text)
    WWDG_IRQHandler                          0x0800023b   Thumb Code     0  startup_stm32f030x6.o(.text)
    __user_initial_stackheap                 0x0800023d   Thumb Code     0  startup_stm32f030x6.o(.text)
    __aeabi_uidiv                            0x08000261   Thumb Code     0  aeabi_sdiv.o(.text)
    __aeabi_uidivmod                         0x08000261   Thumb Code    20  aeabi_sdiv.o(.text)
    __aeabi_idiv                             0x08000275   Thumb Code     0  aeabi_sdiv.o(.text)
    __aeabi_idivmod                          0x08000275   Thumb Code   326  aeabi_sdiv.o(.text)
    __use_two_region_memory                  0x080003bb   Thumb Code     2  heapauxi.o(.text)
    __rt_heap_escrow$2region                 0x080003bd   Thumb Code     2  heapauxi.o(.text)
    __rt_heap_expand$2region                 0x080003bf   Thumb Code     2  heapauxi.o(.text)
    __user_setup_stackheap                   0x080003c1   Thumb Code    62  sys_stackheap_outer.o(.text)
    exit                                     0x080003ff   Thumb Code    16  exit.o(.text)
    __user_libspace                          0x08000411   Thumb Code     8  libspace.o(.text)
    __user_perproc_libspace                  0x08000411   Thumb Code     0  libspace.o(.text)
    __user_perthread_libspace                0x08000411   Thumb Code     0  libspace.o(.text)
    _sys_exit                                0x08000419   Thumb Code     8  sys_exit.o(.text)
    __I$use$semihosting                      0x08000425   Thumb Code     0  use_no_semi.o(.text)
    __use_no_semihosting_swi                 0x08000425   Thumb Code     2  use_no_semi.o(.text)
    ADC_ChannelConfig                        0x08000427   Thumb Code    24  stm32f0xx_adc.o(i.ADC_ChannelConfig)
    __semihosting_library_function           0x08000427   Thumb Code     0  indicate_semi.o(.text)
    ADC_Cmd                                  0x0800043f   Thumb Code    24  stm32f0xx_adc.o(i.ADC_Cmd)
    ADC_DMACmd                               0x08000457   Thumb Code    24  stm32f0xx_adc.o(i.ADC_DMACmd)
    ADC_DMARequestModeConfig                 0x0800046f   Thumb Code    16  stm32f0xx_adc.o(i.ADC_DMARequestModeConfig)
    ADC_DeInit                               0x08000481   Thumb Code    28  stm32f0xx_adc.o(i.ADC_DeInit)
    ADC_GetCalibrationFactor                 0x080004a1   Thumb Code    60  stm32f0xx_adc.o(i.ADC_GetCalibrationFactor)
    ADC_GetFlagStatus                        0x080004dd   Thumb Code    48  stm32f0xx_adc.o(i.ADC_GetFlagStatus)
    ADC_Init                                 0x0800050d   Thumb Code    40  stm32f0xx_adc.o(i.ADC_Init)
    ADC_StartOfConversion                    0x08000539   Thumb Code    10  stm32f0xx_adc.o(i.ADC_StartOfConversion)
    ADC_StructInit                           0x08000543   Thumb Code    16  stm32f0xx_adc.o(i.ADC_StructInit)
    CoClearFlag                              0x0800058d   Thumb Code    18  flag.o(i.CoClearFlag)
    CoCreateFlag                             0x080005a5   Thumb Code   100  flag.o(i.CoCreateFlag)
    CoEnterISR                               0x08000611   Thumb Code    10  core.o(i.CoEnterISR)
    CoExitISR                                0x08000621   Thumb Code    50  core.o(i.CoExitISR)
    CoIdleTask                               0x08000661   Thumb Code     4  hook.o(i.CoIdleTask)
    CoInitOS                                 0x08000665   Thumb Code    78  core.o(i.CoInitOS)
    CoPostSem                                0x080006d1   Thumb Code    52  sem.o(i.CoPostSem)
    CoSetFlag                                0x0800070d   Thumb Code   140  flag.o(i.CoSetFlag)
    CoStartOS                                0x080007a1   Thumb Code    38  core.o(i.CoStartOS)
    CoTickDelay                              0x080007d5   Thumb Code    74  time.o(i.CoTickDelay)
    CoWaitForSingleFlag                      0x0800082d   Thumb Code   220  flag.o(i.CoWaitForSingleFlag)
    CreateEventList                          0x0800091d   Thumb Code    62  event.o(i.CreateEventList)
    CreateTCBList                            0x08000965   Thumb Code    46  task.o(i.CreateTCBList)
    CreateTask                               0x0800099d   Thumb Code   112  task.o(i.CreateTask)
    DMA_ClearFlag                            0x08000a11   Thumb Code    22  stm32f0xx_dma.o(i.DMA_ClearFlag)
    DMA_Cmd                                  0x08000a31   Thumb Code    24  stm32f0xx_dma.o(i.DMA_Cmd)
    DMA_DeInit                               0x08000a4d   Thumb Code   342  stm32f0xx_dma.o(i.DMA_DeInit)
    DMA_GetFlagStatus                        0x08000bb1   Thumb Code    42  stm32f0xx_dma.o(i.DMA_GetFlagStatus)
    DMA_Init                                 0x08000be5   Thumb Code    58  stm32f0xx_dma.o(i.DMA_Init)
    EventTaskToRdy                           0x08000c25   Thumb Code    98  event.o(i.EventTaskToRdy)
    FLASH_PrefetchBufferCmd                  0x08000c8d   Thumb Code    32  stm32f0xx_flash.o(i.FLASH_PrefetchBufferCmd)
    FLASH_SetLatency                         0x08000cb1   Thumb Code    24  stm32f0xx_flash.o(i.FLASH_SetLatency)
    GPIO_Init                                0x08000d09   Thumb Code   144  stm32f0xx_gpio.o(i.GPIO_Init)
    GPIO_PinAFConfig                         0x08000d99   Thumb Code    68  stm32f0xx_gpio.o(i.GPIO_PinAFConfig)
    GPIO_SetBits                             0x08000ddd   Thumb Code     4  stm32f0xx_gpio.o(i.GPIO_SetBits)
    HardFault_Handler                        0x08000de1   Thumb Code     2  stm32f0xx_it.o(i.HardFault_Handler)
    InitTaskContext                          0x08000de3   Thumb Code    32  arch.o(i.InitTaskContext)
    InsertDelayList                          0x08000e05   Thumb Code   140  time.o(i.InsertDelayList)
    InsertToTCBRdyList                       0x08000fb5   Thumb Code    86  task.o(i.InsertToTCBRdyList)
    LED_Task                                 0x08001015   Thumb Code    54  app.o(i.LED_Task)
    MOTO_Task                                0x0800104d   Thumb Code   212  app.o(i.MOTO_Task)
    NMI_Handler                              0x08001135   Thumb Code     2  stm32f0xx_it.o(i.NMI_Handler)
    OsSchedUnlock                            0x08001139   Thumb Code    54  core.o(i.OsSchedUnlock)
    RCC_AHBPeriphClockCmd                    0x0800117d   Thumb Code    28  stm32f0xx_rcc.o(i.RCC_AHBPeriphClockCmd)
    RCC_APB1PeriphClockCmd                   0x0800119d   Thumb Code    28  stm32f0xx_rcc.o(i.RCC_APB1PeriphClockCmd)
    RCC_APB2PeriphClockCmd                   0x080011bd   Thumb Code    28  stm32f0xx_rcc.o(i.RCC_APB2PeriphClockCmd)
    RCC_APB2PeriphResetCmd                   0x080011dd   Thumb Code    28  stm32f0xx_rcc.o(i.RCC_APB2PeriphResetCmd)
    RCC_DeInit                               0x080011fd   Thumb Code   102  stm32f0xx_rcc.o(i.RCC_DeInit)
    RCC_GetClocksFreq                        0x08001275   Thumb Code   554  stm32f0xx_rcc.o(i.RCC_GetClocksFreq)
    RCC_GetFlagStatus                        0x080014bd   Thumb Code    68  stm32f0xx_rcc.o(i.RCC_GetFlagStatus)
    RCC_HCLKConfig                           0x08001505   Thumb Code    28  stm32f0xx_rcc.o(i.RCC_HCLKConfig)
    RCC_HSICmd                               0x08001525   Thumb Code    32  stm32f0xx_rcc.o(i.RCC_HSICmd)
    RCC_PCLKConfig                           0x08001549   Thumb Code    30  stm32f0xx_rcc.o(i.RCC_PCLKConfig)
    RCC_PLLCmd                               0x0800156d   Thumb Code    36  stm32f0xx_rcc.o(i.RCC_PLLCmd)
    RCC_PLLConfig                            0x08001595   Thumb Code    30  stm32f0xx_rcc.o(i.RCC_PLLConfig)
    RCC_SYSCLKConfig                         0x080015b9   Thumb Code    24  stm32f0xx_rcc.o(i.RCC_SYSCLKConfig)
    RemoveDelayList                          0x080015d5   Thumb Code   104  time.o(i.RemoveDelayList)
    RemoveEventWaittingList                  0x08001641   Thumb Code    82  event.o(i.RemoveEventWaittingList)
    RemoveFromTCBRdyList                     0x080016d5   Thumb Code    74  task.o(i.RemoveFromTCBRdyList)
    RemoveLinkNode                           0x08001725   Thumb Code    80  flag.o(i.RemoveLinkNode)
    RespondSRQ                               0x08001805   Thumb Code   160  servicereq.o(i.RespondSRQ)
    RingbufPut                               0x080018b5   Thumb Code    70  ringbuf.o(i.RingbufPut)
    SVC_Handler                              0x0800190d   Thumb Code     2  stm32f0xx_it.o(i.SVC_Handler)
    Schedule                                 0x08001911   Thumb Code   108  task.o(i.Schedule)
    SysInitRcc                               0x08001a6d   Thumb Code    98  sys.o(i.SysInitRcc)
    SysTick_Handler                          0x08001ad5   Thumb Code   134  arch.o(i.SysTick_Handler)
    SystemInit                               0x08001b71   Thumb Code   110  system_stm32f0xx.o(i.SystemInit)
    TIM_ARRPreloadConfig                     0x08001bed   Thumb Code    24  stm32f0xx_tim.o(i.TIM_ARRPreloadConfig)
    TIM_Cmd                                  0x08001c09   Thumb Code    24  stm32f0xx_tim.o(i.TIM_Cmd)
    TIM_CtrlPWMOutputs                       0x08001c25   Thumb Code    34  stm32f0xx_tim.o(i.TIM_CtrlPWMOutputs)
    TIM_OC1Init                              0x08001c49   Thumb Code   122  stm32f0xx_tim.o(i.TIM_OC1Init)
    TIM_OC1PreloadConfig                     0x08001cdd   Thumb Code    20  stm32f0xx_tim.o(i.TIM_OC1PreloadConfig)
    TIM_OC2Init                              0x08001cf5   Thumb Code   142  stm32f0xx_tim.o(i.TIM_OC2Init)
    TIM_OC2PreloadConfig                     0x08001da1   Thumb Code    20  stm32f0xx_tim.o(i.TIM_OC2PreloadConfig)
    TIM_OC3Init                              0x08001db9   Thumb Code   124  stm32f0xx_tim.o(i.TIM_OC3Init)
    TIM_OC3PreloadConfig                     0x08001e51   Thumb Code    20  stm32f0xx_tim.o(i.TIM_OC3PreloadConfig)
    TIM_TimeBaseInit                         0x08001e69   Thumb Code    90  stm32f0xx_tim.o(i.TIM_TimeBaseInit)
    TimeDispose                              0x08001ee5   Thumb Code    78  time.o(i.TimeDispose)
    TmrDispose                               0x08001f39   Thumb Code    72  timer.o(i.TmrDispose)
    USART1_IRQHandler                        0x08001f85   Thumb Code    46  app.o(i.USART1_IRQHandler)
    USART_ClearFlag                          0x08001fc1   Thumb Code     4  stm32f0xx_usart.o(i.USART_ClearFlag)
    USART_Cmd                                0x08001fc5   Thumb Code    24  stm32f0xx_usart.o(i.USART_Cmd)
    USART_GetFlagStatus                      0x08001fdd   Thumb Code    20  stm32f0xx_usart.o(i.USART_GetFlagStatus)
    USART_GetITStatus                        0x08001ff1   Thumb Code    78  stm32f0xx_usart.o(i.USART_GetITStatus)
    USART_ITConfig                           0x0800203f   Thumb Code    66  stm32f0xx_usart.o(i.USART_ITConfig)
    USART_Init                               0x08002081   Thumb Code   226  stm32f0xx_usart.o(i.USART_Init)
    USART_ReceiveData                        0x08002179   Thumb Code    10  stm32f0xx_usart.o(i.USART_ReceiveData)
    USART_SendData                           0x08002183   Thumb Code     8  stm32f0xx_usart.o(i.USART_SendData)
    __io_putchar                             0x0800218d   Thumb Code    42  usart.o(i.__io_putchar)
    __io_puts                                0x080021c1   Thumb Code    26  usart.o(i.__io_puts)
    adc_init                                 0x080021dd   Thumb Code   234  adc.o(i.adc_init)
    adc_read                                 0x080022d9   Thumb Code    26  adc.o(i.adc_read)
    gpio_mode                                0x080022f9   Thumb Code    96  gpio.o(i.gpio_mode)
    gpio_write                               0x08002369   Thumb Code    68  gpio.o(i.gpio_write)
    isr_TimeDispose                          0x080023b1   Thumb Code    28  time.o(i.isr_TimeDispose)
    isr_TmrDispose                           0x080023d9   Thumb Code    28  timer.o(i.isr_TmrDispose)
    main                                     0x08002401   Thumb Code    62  app.o(i.main)
    pwm_init                                 0x0800245d   Thumb Code   322  pwm.o(i.pwm_init)
    usart_mode_init                          0x080025b5   Thumb Code   128  usart.o(i.usart_mode_init)
    pininfo                                  0x08002648   Data         176  gpio.o(.constdata)
    Region$$Table$$Base                      0x08002728   Number         0  anon$$obj.o(Region$$Table)
    Region$$Table$$Limit                     0x08002748   Number         0  anon$$obj.o(Region$$Table)
    mut_uart                                 0x20000000   Data           1  app.o(.data)
    Flag_Massage_ID                          0x20000001   Data           1  app.o(.data)
    RegularConvData_Tab                      0x20000002   Data           2  adc.o(.data)
    length                                   0x20000004   Data           2  ringbuf.o(.data)
    head                                     0x20000006   Data           2  ringbuf.o(.data)
    tail                                     0x20000008   Data           2  ringbuf.o(.data)
    fill_cnt                                 0x2000000c   Data           4  ringbuf.o(.data)
    OSIntNesting                             0x20000020   Data           1  core.o(.data)
    OSSchedLock                              0x20000021   Data           1  core.o(.data)
    TaskSchedReq                             0x20000022   Data           1  core.o(.data)
    FreeEventList                            0x20000024   Data           4  event.o(.data)
    IsrReq                                   0x20000028   Data           1  servicereq.o(.data)
    TimeReq                                  0x20000029   Data           1  servicereq.o(.data)
    TimerReq                                 0x2000002a   Data           1  servicereq.o(.data)
    FreeTCB                                  0x20000030   Data           4  task.o(.data)
    TCBRdy                                   0x20000034   Data           4  task.o(.data)
    TCBNext                                  0x20000038   Data           4  task.o(.data)
    TCBRunning                               0x2000003c   Data           4  task.o(.data)
    OSCheckTime                              0x20000040   Data           8  task.o(.data)
    DlyList                                  0x20000048   Data           4  time.o(.data)
    TmrList                                  0x2000004c   Data           4  timer.o(.data)
    TmrIDVessel                              0x20000050   Data           4  timer.o(.data)
    OSTickCnt                                0x20000058   Data           8  arch.o(.data)
    LED_Task_Stk                             0x20000060   Data         512  app.o(.bss)
    MOTO_Task_Stk                            0x20000260   Data         512  app.o(.bss)
    buf                                      0x20000460   Data          50  ringbuf.o(.bss)
    EventTbl                                 0x20000494   Data          80  event.o(.bss)
    FlagCrl                                  0x200004e4   Data          20  flag.o(.bss)
    ServiceReq                               0x200004f8   Data          28  servicereq.o(.bss)
    TCBTbl                                   0x20000514   Data         240  task.o(.bss)
    idle_stk                                 0x20000604   Data         100  task.o(.bss)
    TmrTbl                                   0x20000668   Data          48  timer.o(.bss)
    __libspace_start                         0x20000698   Data          96  libspace.o(.bss)
    __temporary_stack_top$libspace           0x200006f8   Data           0  libspace.o(.bss)



==============================================================================

Memory Map of the image

  Image Entry point : 0x080000b1

  Load Region LR_IROM1 (Base: 0x08000000, Size: 0x000027a8, Max: 0x00004000, ABSOLUTE)

    Execution Region ER_IROM1 (Base: 0x08000000, Size: 0x00002748, Max: 0x00004000, ABSOLUTE)

    Base Addr    Size         Type   Attr      Idx    E Section Name        Object

    0x08000000   0x000000b0   Data   RO          429    RESET               startup_stm32f030x6.o
    0x080000b0   0x00000008   Code   RO         4730  * !!!main             c_p.l(__main.o)
    0x080000b8   0x0000003c   Code   RO         4899    !!!scatter          c_p.l(__scatter.o)
    0x080000f4   0x0000001a   Code   RO         4901    !!handler_copy      c_p.l(__scatter_copy.o)
    0x0800010e   0x00000002   PAD
    0x08000110   0x0000001c   Code   RO         4903    !!handler_zi        c_p.l(__scatter_zi.o)
    0x0800012c   0x00000002   Code   RO         4768    .ARM.Collect$$libinit$$00000000  c_p.l(libinit.o)
    0x0800012e   0x00000000   Code   RO         4782    .ARM.Collect$$libinit$$00000002  c_p.l(libinit2.o)
    0x0800012e   0x00000000   Code   RO         4784    .ARM.Collect$$libinit$$00000004  c_p.l(libinit2.o)
    0x0800012e   0x00000000   Code   RO         4787    .ARM.Collect$$libinit$$0000000A  c_p.l(libinit2.o)
    0x0800012e   0x00000000   Code   RO         4789    .ARM.Collect$$libinit$$0000000C  c_p.l(libinit2.o)
    0x0800012e   0x00000000   Code   RO         4791    .ARM.Collect$$libinit$$0000000E  c_p.l(libinit2.o)
    0x0800012e   0x00000000   Code   RO         4794    .ARM.Collect$$libinit$$00000011  c_p.l(libinit2.o)
    0x0800012e   0x00000000   Code   RO         4796    .ARM.Collect$$libinit$$00000013  c_p.l(libinit2.o)
    0x0800012e   0x00000000   Code   RO         4798    .ARM.Collect$$libinit$$00000015  c_p.l(libinit2.o)
    0x0800012e   0x00000000   Code   RO         4800    .ARM.Collect$$libinit$$00000017  c_p.l(libinit2.o)
    0x0800012e   0x00000000   Code   RO         4802    .ARM.Collect$$libinit$$00000019  c_p.l(libinit2.o)
    0x0800012e   0x00000000   Code   RO         4804    .ARM.Collect$$libinit$$0000001B  c_p.l(libinit2.o)
    0x0800012e   0x00000000   Code   RO         4806    .ARM.Collect$$libinit$$0000001D  c_p.l(libinit2.o)
    0x0800012e   0x00000000   Code   RO         4808    .ARM.Collect$$libinit$$0000001F  c_p.l(libinit2.o)
    0x0800012e   0x00000000   Code   RO         4810    .ARM.Collect$$libinit$$00000021  c_p.l(libinit2.o)
    0x0800012e   0x00000000   Code   RO         4812    .ARM.Collect$$libinit$$00000023  c_p.l(libinit2.o)
    0x0800012e   0x00000000   Code   RO         4814    .ARM.Collect$$libinit$$00000025  c_p.l(libinit2.o)
    0x0800012e   0x00000000   Code   RO         4818    .ARM.Collect$$libinit$$0000002C  c_p.l(libinit2.o)
    0x0800012e   0x00000000   Code   RO         4820    .ARM.Collect$$libinit$$0000002E  c_p.l(libinit2.o)
    0x0800012e   0x00000000   Code   RO         4822    .ARM.Collect$$libinit$$00000030  c_p.l(libinit2.o)
    0x0800012e   0x00000000   Code   RO         4824    .ARM.Collect$$libinit$$00000032  c_p.l(libinit2.o)
    0x0800012e   0x00000002   Code   RO         4825    .ARM.Collect$$libinit$$00000033  c_p.l(libinit2.o)
    0x08000130   0x00000002   Code   RO         4856    .ARM.Collect$$libshutdown$$00000000  c_p.l(libshutdown.o)
    0x08000132   0x00000000   Code   RO         4882    .ARM.Collect$$libshutdown$$00000002  c_p.l(libshutdown2.o)
    0x08000132   0x00000000   Code   RO         4884    .ARM.Collect$$libshutdown$$00000004  c_p.l(libshutdown2.o)
    0x08000132   0x00000000   Code   RO         4887    .ARM.Collect$$libshutdown$$00000007  c_p.l(libshutdown2.o)
    0x08000132   0x00000000   Code   RO         4890    .ARM.Collect$$libshutdown$$0000000A  c_p.l(libshutdown2.o)
    0x08000132   0x00000000   Code   RO         4892    .ARM.Collect$$libshutdown$$0000000C  c_p.l(libshutdown2.o)
    0x08000132   0x00000000   Code   RO         4895    .ARM.Collect$$libshutdown$$0000000F  c_p.l(libshutdown2.o)
    0x08000132   0x00000002   Code   RO         4896    .ARM.Collect$$libshutdown$$00000010  c_p.l(libshutdown2.o)
    0x08000134   0x00000000   Code   RO         4732    .ARM.Collect$$rtentry$$00000000  c_p.l(__rtentry.o)
    0x08000134   0x00000000   Code   RO         4738    .ARM.Collect$$rtentry$$00000002  c_p.l(__rtentry2.o)
    0x08000134   0x00000006   Code   RO         4750    .ARM.Collect$$rtentry$$00000004  c_p.l(__rtentry4.o)
    0x0800013a   0x00000000   Code   RO         4740    .ARM.Collect$$rtentry$$00000009  c_p.l(__rtentry2.o)
    0x0800013a   0x00000004   Code   RO         4741    .ARM.Collect$$rtentry$$0000000A  c_p.l(__rtentry2.o)
    0x0800013e   0x00000000   Code   RO         4743    .ARM.Collect$$rtentry$$0000000C  c_p.l(__rtentry2.o)
    0x0800013e   0x00000008   Code   RO         4744    .ARM.Collect$$rtentry$$0000000D  c_p.l(__rtentry2.o)
    0x08000146   0x00000002   Code   RO         4773    .ARM.Collect$$rtexit$$00000000  c_p.l(rtexit.o)
    0x08000148   0x00000000   Code   RO         4829    .ARM.Collect$$rtexit$$00000002  c_p.l(rtexit2.o)
    0x08000148   0x00000004   Code   RO         4830    .ARM.Collect$$rtexit$$00000003  c_p.l(rtexit2.o)
    0x0800014c   0x00000006   Code   RO         4831    .ARM.Collect$$rtexit$$00000004  c_p.l(rtexit2.o)
    0x08000152   0x00000002   PAD
    0x08000154   0x0000009c   Code   RO         4684    .emb_text           port.o
    0x080001f0   0x00000038   Code   RO         4720    .emb_text           c_p.l(rt_memcpy.o)
    0x08000228   0x00000038   Code   RO          430    .text               startup_stm32f030x6.o
    0x08000260   0x0000015a   Code   RO         4724    .text               c_p.l(aeabi_sdiv.o)
    0x080003ba   0x00000006   Code   RO         4728    .text               c_p.l(heapauxi.o)
    0x080003c0   0x0000003e   Code   RO         4754    .text               c_p.l(sys_stackheap_outer.o)
    0x080003fe   0x00000010   Code   RO         4757    .text               c_p.l(exit.o)
    0x0800040e   0x00000002   PAD
    0x08000410   0x00000008   Code   RO         4769    .text               c_p.l(libspace.o)
    0x08000418   0x0000000c   Code   RO         4826    .text               c_p.l(sys_exit.o)
    0x08000424   0x00000002   Code   RO         4845    .text               c_p.l(use_no_semi.o)
    0x08000426   0x00000000   Code   RO         4847    .text               c_p.l(indicate_semi.o)
    0x08000426   0x00000018   Code   RO          478    i.ADC_ChannelConfig  stm32f0xx_adc.o
    0x0800043e   0x00000018   Code   RO          482    i.ADC_Cmd           stm32f0xx_adc.o
    0x08000456   0x00000018   Code   RO          484    i.ADC_DMACmd        stm32f0xx_adc.o
    0x0800046e   0x00000010   Code   RO          485    i.ADC_DMARequestModeConfig  stm32f0xx_adc.o
    0x0800047e   0x00000002   PAD
    0x08000480   0x00000020   Code   RO          486    i.ADC_DeInit        stm32f0xx_adc.o
    0x080004a0   0x0000003c   Code   RO          488    i.ADC_GetCalibrationFactor  stm32f0xx_adc.o
    0x080004dc   0x00000030   Code   RO          490    i.ADC_GetFlagStatus  stm32f0xx_adc.o
    0x0800050c   0x0000002c   Code   RO          493    i.ADC_Init          stm32f0xx_adc.o
    0x08000538   0x0000000a   Code   RO          496    i.ADC_StartOfConversion  stm32f0xx_adc.o
    0x08000542   0x00000010   Code   RO          498    i.ADC_StructInit    stm32f0xx_adc.o
    0x08000552   0x00000002   PAD
    0x08000554   0x00000038   Code   RO         4458    i.AssignTCB         task.o
    0x0800058c   0x00000018   Code   RO         4228    i.CoClearFlag       flag.o
    0x080005a4   0x0000006c   Code   RO         4229    i.CoCreateFlag      flag.o
    0x08000610   0x00000010   Code   RO         4058    i.CoEnterISR        core.o
    0x08000620   0x00000040   Code   RO         4059    i.CoExitISR         core.o
    0x08000660   0x00000004   Code   RO         4312    i.CoIdleTask        hook.o
    0x08000664   0x0000006c   Code   RO         4061    i.CoInitOS          core.o
    0x080006d0   0x0000003c   Code   RO         4395    i.CoPostSem         sem.o
    0x0800070c   0x00000094   Code   RO         4231    i.CoSetFlag         flag.o
    0x080007a0   0x00000034   Code   RO         4064    i.CoStartOS         core.o
    0x080007d4   0x00000058   Code   RO         4549    i.CoTickDelay       time.o
    0x0800082c   0x000000f0   Code   RO         4233    i.CoWaitForSingleFlag  flag.o
    0x0800091c   0x00000048   Code   RO         4157    i.CreateEventList   event.o
    0x08000964   0x00000038   Code   RO         4463    i.CreateTCBList     task.o
    0x0800099c   0x00000074   Code   RO         4464    i.CreateTask        task.o
    0x08000a10   0x00000020   Code   RO         1388    i.DMA_ClearFlag     stm32f0xx_dma.o
    0x08000a30   0x0000001c   Code   RO         1390    i.DMA_Cmd           stm32f0xx_dma.o
    0x08000a4c   0x00000164   Code   RO         1391    i.DMA_DeInit        stm32f0xx_dma.o
    0x08000bb0   0x00000034   Code   RO         1393    i.DMA_GetFlagStatus  stm32f0xx_dma.o
    0x08000be4   0x00000040   Code   RO         1396    i.DMA_Init          stm32f0xx_dma.o
    0x08000c24   0x00000068   Code   RO         4159    i.EventTaskToRdy    event.o
    0x08000c8c   0x00000024   Code   RO         1561    i.FLASH_PrefetchBufferCmd  stm32f0xx_flash.o
    0x08000cb0   0x0000001c   Code   RO         1564    i.FLASH_SetLatency  stm32f0xx_flash.o
    0x08000ccc   0x0000003c   Code   RO         4234    i.FlagBlock         flag.o
    0x08000d08   0x00000090   Code   RO         1737    i.GPIO_Init         stm32f0xx_gpio.o
    0x08000d98   0x00000044   Code   RO         1738    i.GPIO_PinAFConfig  stm32f0xx_gpio.o
    0x08000ddc   0x00000004   Code   RO         1745    i.GPIO_SetBits      stm32f0xx_gpio.o
    0x08000de0   0x00000002   Code   RO          229    i.HardFault_Handler  stm32f0xx_it.o
    0x08000de2   0x00000020   Code   RO         4694    i.InitTaskContext   arch.o
    0x08000e02   0x00000002   PAD
    0x08000e04   0x00000094   Code   RO         4551    i.InsertDelayList   time.o
    0x08000e98   0x0000011c   Code   RO         4613    i.InsertTmrList     timer.o
    0x08000fb4   0x00000060   Code   RO         4465    i.InsertToTCBRdyList  task.o
    0x08001014   0x00000036   Code   RO            3    i.LED_Task          app.o
    0x0800104a   0x00000002   PAD
    0x0800104c   0x000000e8   Code   RO            4    i.MOTO_Task         app.o
    0x08001134   0x00000002   Code   RO          230    i.NMI_Handler       stm32f0xx_it.o
    0x08001136   0x00000002   PAD
    0x08001138   0x00000044   Code   RO         4065    i.OsSchedUnlock     core.o
    0x0800117c   0x00000020   Code   RO         2257    i.RCC_AHBPeriphClockCmd  stm32f0xx_rcc.o
    0x0800119c   0x00000020   Code   RO         2259    i.RCC_APB1PeriphClockCmd  stm32f0xx_rcc.o
    0x080011bc   0x00000020   Code   RO         2261    i.RCC_APB2PeriphClockCmd  stm32f0xx_rcc.o
    0x080011dc   0x00000020   Code   RO         2262    i.RCC_APB2PeriphResetCmd  stm32f0xx_rcc.o
    0x080011fc   0x00000078   Code   RO         2270    i.RCC_DeInit        stm32f0xx_rcc.o
    0x08001274   0x00000248   Code   RO         2271    i.RCC_GetClocksFreq  stm32f0xx_rcc.o
    0x080014bc   0x00000048   Code   RO         2272    i.RCC_GetFlagStatus  stm32f0xx_rcc.o
    0x08001504   0x00000020   Code   RO         2275    i.RCC_HCLKConfig    stm32f0xx_rcc.o
    0x08001524   0x00000024   Code   RO         2280    i.RCC_HSICmd        stm32f0xx_rcc.o
    0x08001548   0x00000024   Code   RO         2287    i.RCC_PCLKConfig    stm32f0xx_rcc.o
    0x0800156c   0x00000028   Code   RO         2288    i.RCC_PLLCmd        stm32f0xx_rcc.o
    0x08001594   0x00000024   Code   RO         2289    i.RCC_PLLConfig     stm32f0xx_rcc.o
    0x080015b8   0x0000001c   Code   RO         2293    i.RCC_SYSCLKConfig  stm32f0xx_rcc.o
    0x080015d4   0x0000006c   Code   RO         4552    i.RemoveDelayList   time.o
    0x08001640   0x00000058   Code   RO         4162    i.RemoveEventWaittingList  event.o
    0x08001698   0x0000003c   Code   RO         4235    i.RemoveFromLink    flag.o
    0x080016d4   0x00000050   Code   RO         4466    i.RemoveFromTCBRdyList  task.o
    0x08001724   0x00000054   Code   RO         4236    i.RemoveLinkNode    flag.o
    0x08001778   0x0000008c   Code   RO         4614    i.RemoveTmrList     timer.o
    0x08001804   0x000000b0   Code   RO         4434    i.RespondSRQ        servicereq.o
    0x080018b4   0x00000058   Code   RO          400    i.RingbufPut        ringbuf.o
    0x0800190c   0x00000002   Code   RO          231    i.SVC_Handler       stm32f0xx_it.o
    0x0800190e   0x00000002   PAD
    0x08001910   0x00000084   Code   RO         4467    i.Schedule          task.o
    0x08001994   0x000000d8   Code   RO          436    i.SetSysClock       system_stm32f0xx.o
    0x08001a6c   0x00000068   Code   RO          261    i.SysInitRcc        sys.o
    0x08001ad4   0x0000009c   Code   RO         4695    i.SysTick_Handler   arch.o
    0x08001b70   0x0000007c   Code   RO          438    i.SystemInit        system_stm32f0xx.o
    0x08001bec   0x0000001c   Code   RO         3126    i.TIM_ARRPreloadConfig  stm32f0xx_tim.o
    0x08001c08   0x0000001c   Code   RO         3138    i.TIM_Cmd           stm32f0xx_tim.o
    0x08001c24   0x00000022   Code   RO         3140    i.TIM_CtrlPWMOutputs  stm32f0xx_tim.o
    0x08001c46   0x00000002   PAD
    0x08001c48   0x00000094   Code   RO         3167    i.TIM_OC1Init       stm32f0xx_tim.o
    0x08001cdc   0x00000018   Code   RO         3170    i.TIM_OC1PreloadConfig  stm32f0xx_tim.o
    0x08001cf4   0x000000ac   Code   RO         3172    i.TIM_OC2Init       stm32f0xx_tim.o
    0x08001da0   0x00000018   Code   RO         3175    i.TIM_OC2PreloadConfig  stm32f0xx_tim.o
    0x08001db8   0x00000098   Code   RO         3177    i.TIM_OC3Init       stm32f0xx_tim.o
    0x08001e50   0x00000018   Code   RO         3180    i.TIM_OC3PreloadConfig  stm32f0xx_tim.o
    0x08001e68   0x0000007c   Code   RO         3211    i.TIM_TimeBaseInit  stm32f0xx_tim.o
    0x08001ee4   0x00000054   Code   RO         4553    i.TimeDispose       time.o
    0x08001f38   0x0000004c   Code   RO         4615    i.TmrDispose        timer.o
    0x08001f84   0x0000003c   Code   RO            5    i.USART1_IRQHandler  app.o
    0x08001fc0   0x00000004   Code   RO         3693    i.USART_ClearFlag   stm32f0xx_usart.o
    0x08001fc4   0x00000018   Code   RO         3697    i.USART_Cmd         stm32f0xx_usart.o
    0x08001fdc   0x00000014   Code   RO         3705    i.USART_GetFlagStatus  stm32f0xx_usart.o
    0x08001ff0   0x0000004e   Code   RO         3706    i.USART_GetITStatus  stm32f0xx_usart.o
    0x0800203e   0x00000042   Code   RO         3708    i.USART_ITConfig    stm32f0xx_usart.o
    0x08002080   0x000000f8   Code   RO         3709    i.USART_Init        stm32f0xx_usart.o
    0x08002178   0x0000000a   Code   RO         3721    i.USART_ReceiveData  stm32f0xx_usart.o
    0x08002182   0x00000008   Code   RO         3726    i.USART_SendData    stm32f0xx_usart.o
    0x0800218a   0x00000002   PAD
    0x0800218c   0x00000034   Code   RO          283    i.__io_putchar      usart.o
    0x080021c0   0x0000001a   Code   RO          284    i.__io_puts         usart.o
    0x080021da   0x00000002   PAD
    0x080021dc   0x000000fc   Code   RO          155    i.adc_init          adc.o
    0x080022d8   0x00000020   Code   RO          156    i.adc_read          adc.o
    0x080022f8   0x00000070   Code   RO          184    i.gpio_mode         gpio.o
    0x08002368   0x00000048   Code   RO          187    i.gpio_write        gpio.o
    0x080023b0   0x00000028   Code   RO         4554    i.isr_TimeDispose   time.o
    0x080023d8   0x00000028   Code   RO         4616    i.isr_TmrDispose    timer.o
    0x08002400   0x0000005c   Code   RO            6    i.main              app.o
    0x0800245c   0x00000158   Code   RO          379    i.pwm_init          pwm.o
    0x080025b4   0x00000090   Code   RO          285    i.usart_mode_init   usart.o
    0x08002644   0x00000004   Data   RO            8    .constdata          app.o
    0x08002648   0x000000c0   Data   RO          188    .constdata          gpio.o
    0x08002708   0x00000020   Data   RO          286    .constdata          usart.o
    0x08002728   0x00000020   Data   RO         4897    Region$$Table       anon$$obj.o


    Execution Region RW_IRAM1 (Base: 0x20000000, Size: 0x00000cf8, Max: 0x00001000, ABSOLUTE)

    Base Addr    Size         Type   Attr      Idx    E Section Name        Object

    0x20000000   0x00000002   Data   RW            9    .data               app.o
    0x20000002   0x00000002   Data   RW          157    .data               adc.o
    0x20000004   0x0000000c   Data   RW          402    .data               ringbuf.o
    0x20000010   0x00000010   Data   RW         2297    .data               stm32f0xx_rcc.o
    0x20000020   0x00000003   Data   RW         4066    .data               core.o
    0x20000023   0x00000001   PAD
    0x20000024   0x00000004   Data   RW         4164    .data               event.o
    0x20000028   0x00000003   Data   RW         4436    .data               servicereq.o
    0x2000002b   0x00000005   PAD
    0x20000030   0x00000018   Data   RW         4469    .data               task.o
    0x20000048   0x00000004   Data   RW         4555    .data               time.o
    0x2000004c   0x00000008   Data   RW         4618    .data               timer.o
    0x20000054   0x00000004   PAD
    0x20000058   0x00000008   Data   RW         4696    .data               arch.o
    0x20000060   0x00000400   Zero   RW            7    .bss                app.o
    0x20000460   0x00000032   Zero   RW          401    .bss                ringbuf.o
    0x20000492   0x00000002   PAD
    0x20000494   0x00000050   Zero   RW         4163    .bss                event.o
    0x200004e4   0x00000014   Zero   RW         4238    .bss                flag.o
    0x200004f8   0x0000001c   Zero   RW         4435    .bss                servicereq.o
    0x20000514   0x00000154   Zero   RW         4468    .bss                task.o
    0x20000668   0x00000030   Zero   RW         4617    .bss                timer.o
    0x20000698   0x00000060   Zero   RW         4770    .bss                c_p.l(libspace.o)
    0x200006f8   0x00000200   Zero   RW          428    HEAP                startup_stm32f030x6.o
    0x200008f8   0x00000400   Zero   RW          427    STACK               startup_stm32f030x6.o


==============================================================================

Image component sizes


      Code (inc. data)   RO Data    RW Data    ZI Data      Debug   Object Name

       284         24          0          2          0       1728   adc.o
       438         64          4          2       1024     249644   app.o
       188         22          0          8          0       1712   arch.o
       308         78          0          3          0       2964   core.o
       264         22          0          4         80       3976   event.o
       724         58          0          0         20       5869   flag.o
       184         20        192          0          0       2039   gpio.o
         4          0          0          0          0        437   hook.o
       156         24          0          0          0        692   port.o
       344         22          0          0          0        711   pwm.o
        88         18          0         12         50       1209   ringbuf.o
        60          8          0          0          0        608   sem.o
       176         16          0          3         28       1486   servicereq.o
        56         26        176          0       1536        624   startup_stm32f030x6.o
       298          8          0          0          0       5994   stm32f0xx_adc.o
       532         44          0          0          0       4386   stm32f0xx_dma.o
        64          8          0          0          0       1049   stm32f0xx_flash.o
       216          0          0          0          0       2202   stm32f0xx_gpio.o
         6          0          0          0          0       1268   stm32f0xx_it.o
      1112         96          0         16          0       8239   stm32f0xx_rcc.o
       758        138          0          0          0       6504   stm32f0xx_tim.o
       458         22          0          0          0       5711   stm32f0xx_usart.o
       104          6          0          0          0        485   sys.o
       340         24          0          0          0       1405   system_stm32f0xx.o
       536         62          0         24        340       5576   task.o
       468         44          0          4          0       3152   time.o
       540         44          0          8         48       3435   timer.o
       222         26         32          0          0       7417   usart.o

    ----------------------------------------------------------------------
      8946        924        436         96       3128     330522   Object Totals
         0          0         32          0          0          0   (incl. Generated)
        18          0          0         10          2          0   (incl. Padding)

    ----------------------------------------------------------------------

      Code (inc. data)   RO Data    RW Data    ZI Data      Debug   Library Member Name

         8          0          0          0          0         68   __main.o
         0          0          0          0          0          0   __rtentry.o
        12          0          0          0          0          0   __rtentry2.o
         6          0          0          0          0          0   __rtentry4.o
        60          8          0          0          0          0   __scatter.o
        26          0          0          0          0          0   __scatter_copy.o
        28          0          0          0          0          0   __scatter_zi.o
       346          0          0          0          0         92   aeabi_sdiv.o
        16          0          0          0          0         68   exit.o
         6          0          0          0          0        136   heapauxi.o
         0          0          0          0          0          0   indicate_semi.o
         2          0          0          0          0          0   libinit.o
         2          0          0          0          0          0   libinit2.o
         2          0          0          0          0          0   libshutdown.o
         2          0          0          0          0          0   libshutdown2.o
         8          4          0          0         96         68   libspace.o
        56          0          0          0          0         68   rt_memcpy.o
         2          0          0          0          0          0   rtexit.o
        10          0          0          0          0          0   rtexit2.o
        12          4          0          0          0         60   sys_exit.o
        62          0          0          0          0         80   sys_stackheap_outer.o
         2          0          0          0          0         68   use_no_semi.o

    ----------------------------------------------------------------------
       674         16          0          0         96        708   Library Totals
         6          0          0          0          0          0   (incl. Padding)

    ----------------------------------------------------------------------

      Code (inc. data)   RO Data    RW Data    ZI Data      Debug   Library Name

       668         16          0          0         96        708   c_p.l

    ----------------------------------------------------------------------
       674         16          0          0         96        708   Library Totals

    ----------------------------------------------------------------------

==============================================================================


      Code (inc. data)   RO Data    RW Data    ZI Data      Debug   

      9620        940        436         96       3224     326538   Grand Totals
      9620        940        436         96       3224     326538   ELF Image Totals
      9620        940        436         96          0          0   ROM Totals

==============================================================================

    Total RO  Size (Code + RO Data)                10056 (   9.82kB)
    Total RW  Size (RW Data + ZI Data)              3320 (   3.24kB)
    Total ROM Size (Code + RO Data + RW Data)      10152 (   9.91kB)

==============================================================================

