###############################################################################
#
# IAR ELF Linker V8.11.2.13589/W32 for ARM                23/Aug/2017  16:18:44
# Copyright 2007-2017 IAR Systems AB.
#
#    Output file  =  
#        C:\Users\a6735\LHB_DATA\03-project\47-smart-care\smartcare\SC\project\Debug\Exe\zmdo-8..out
#    Map file     =  
#        C:\Users\a6735\LHB_DATA\03-project\47-smart-care\smartcare\SC\project\Debug\List\zmdo-8..map
#    Command line =  
#        -f C:\Users\a6735\AppData\Local\Temp\EWFF44.tmp
#        (C:\Users\a6735\LHB_DATA\03-project\47-smart-care\smartcare\SC\project\Debug\Obj\adc.o
#        C:\Users\a6735\LHB_DATA\03-project\47-smart-care\smartcare\SC\project\Debug\Obj\App.o
#        C:\Users\a6735\LHB_DATA\03-project\47-smart-care\smartcare\SC\project\Debug\Obj\arch.o
#        C:\Users\a6735\LHB_DATA\03-project\47-smart-care\smartcare\SC\project\Debug\Obj\core.o
#        C:\Users\a6735\LHB_DATA\03-project\47-smart-care\smartcare\SC\project\Debug\Obj\event.o
#        C:\Users\a6735\LHB_DATA\03-project\47-smart-care\smartcare\SC\project\Debug\Obj\flag.o
#        C:\Users\a6735\LHB_DATA\03-project\47-smart-care\smartcare\SC\project\Debug\Obj\flash.o
#        C:\Users\a6735\LHB_DATA\03-project\47-smart-care\smartcare\SC\project\Debug\Obj\gpio.o
#        C:\Users\a6735\LHB_DATA\03-project\47-smart-care\smartcare\SC\project\Debug\Obj\hook.o
#        C:\Users\a6735\LHB_DATA\03-project\47-smart-care\smartcare\SC\project\Debug\Obj\kernelHeap.o
#        C:\Users\a6735\LHB_DATA\03-project\47-smart-care\smartcare\SC\project\Debug\Obj\led.o
#        C:\Users\a6735\LHB_DATA\03-project\47-smart-care\smartcare\SC\project\Debug\Obj\mbox.o
#        C:\Users\a6735\LHB_DATA\03-project\47-smart-care\smartcare\SC\project\Debug\Obj\mm.o
#        C:\Users\a6735\LHB_DATA\03-project\47-smart-care\smartcare\SC\project\Debug\Obj\mutex.o
#        C:\Users\a6735\LHB_DATA\03-project\47-smart-care\smartcare\SC\project\Debug\Obj\portForM0.o
#        C:\Users\a6735\LHB_DATA\03-project\47-smart-care\smartcare\SC\project\Debug\Obj\pwm.o
#        C:\Users\a6735\LHB_DATA\03-project\47-smart-care\smartcare\SC\project\Debug\Obj\queue.o
#        C:\Users\a6735\LHB_DATA\03-project\47-smart-care\smartcare\SC\project\Debug\Obj\ringbuf.o
#        C:\Users\a6735\LHB_DATA\03-project\47-smart-care\smartcare\SC\project\Debug\Obj\sem.o
#        C:\Users\a6735\LHB_DATA\03-project\47-smart-care\smartcare\SC\project\Debug\Obj\serviceReq.o
#        C:\Users\a6735\LHB_DATA\03-project\47-smart-care\smartcare\SC\project\Debug\Obj\startup_stm32f030.o
#        C:\Users\a6735\LHB_DATA\03-project\47-smart-care\smartcare\SC\project\Debug\Obj\stm32f0xx_adc.o
#        C:\Users\a6735\LHB_DATA\03-project\47-smart-care\smartcare\SC\project\Debug\Obj\stm32f0xx_can.o
#        C:\Users\a6735\LHB_DATA\03-project\47-smart-care\smartcare\SC\project\Debug\Obj\stm32f0xx_cec.o
#        C:\Users\a6735\LHB_DATA\03-project\47-smart-care\smartcare\SC\project\Debug\Obj\stm32f0xx_comp.o
#        C:\Users\a6735\LHB_DATA\03-project\47-smart-care\smartcare\SC\project\Debug\Obj\stm32f0xx_crc.o
#        C:\Users\a6735\LHB_DATA\03-project\47-smart-care\smartcare\SC\project\Debug\Obj\stm32f0xx_crs.o
#        C:\Users\a6735\LHB_DATA\03-project\47-smart-care\smartcare\SC\project\Debug\Obj\stm32f0xx_dac.o
#        C:\Users\a6735\LHB_DATA\03-project\47-smart-care\smartcare\SC\project\Debug\Obj\stm32f0xx_dbgmcu.o
#        C:\Users\a6735\LHB_DATA\03-project\47-smart-care\smartcare\SC\project\Debug\Obj\stm32f0xx_dma.o
#        C:\Users\a6735\LHB_DATA\03-project\47-smart-care\smartcare\SC\project\Debug\Obj\stm32f0xx_exti.o
#        C:\Users\a6735\LHB_DATA\03-project\47-smart-care\smartcare\SC\project\Debug\Obj\stm32f0xx_flash.o
#        C:\Users\a6735\LHB_DATA\03-project\47-smart-care\smartcare\SC\project\Debug\Obj\stm32f0xx_gpio.o
#        C:\Users\a6735\LHB_DATA\03-project\47-smart-care\smartcare\SC\project\Debug\Obj\stm32f0xx_i2c.o
#        C:\Users\a6735\LHB_DATA\03-project\47-smart-care\smartcare\SC\project\Debug\Obj\stm32f0xx_it.o
#        C:\Users\a6735\LHB_DATA\03-project\47-smart-care\smartcare\SC\project\Debug\Obj\stm32f0xx_iwdg.o
#        C:\Users\a6735\LHB_DATA\03-project\47-smart-care\smartcare\SC\project\Debug\Obj\stm32f0xx_misc.o
#        C:\Users\a6735\LHB_DATA\03-project\47-smart-care\smartcare\SC\project\Debug\Obj\stm32f0xx_pwr.o
#        C:\Users\a6735\LHB_DATA\03-project\47-smart-care\smartcare\SC\project\Debug\Obj\stm32f0xx_rcc.o
#        C:\Users\a6735\LHB_DATA\03-project\47-smart-care\smartcare\SC\project\Debug\Obj\stm32f0xx_rtc.o
#        C:\Users\a6735\LHB_DATA\03-project\47-smart-care\smartcare\SC\project\Debug\Obj\stm32f0xx_spi.o
#        C:\Users\a6735\LHB_DATA\03-project\47-smart-care\smartcare\SC\project\Debug\Obj\stm32f0xx_syscfg.o
#        C:\Users\a6735\LHB_DATA\03-project\47-smart-care\smartcare\SC\project\Debug\Obj\stm32f0xx_tim.o
#        C:\Users\a6735\LHB_DATA\03-project\47-smart-care\smartcare\SC\project\Debug\Obj\stm32f0xx_usart.o
#        C:\Users\a6735\LHB_DATA\03-project\47-smart-care\smartcare\SC\project\Debug\Obj\stm32f0xx_wwdg.o
#        C:\Users\a6735\LHB_DATA\03-project\47-smart-care\smartcare\SC\project\Debug\Obj\sys.o
#        C:\Users\a6735\LHB_DATA\03-project\47-smart-care\smartcare\SC\project\Debug\Obj\system_stm32f0xx.o
#        C:\Users\a6735\LHB_DATA\03-project\47-smart-care\smartcare\SC\project\Debug\Obj\task.o
#        C:\Users\a6735\LHB_DATA\03-project\47-smart-care\smartcare\SC\project\Debug\Obj\time.o
#        C:\Users\a6735\LHB_DATA\03-project\47-smart-care\smartcare\SC\project\Debug\Obj\timer.o
#        C:\Users\a6735\LHB_DATA\03-project\47-smart-care\smartcare\SC\project\Debug\Obj\usart.o
#        C:\Users\a6735\LHB_DATA\03-project\47-smart-care\smartcare\SC\project\Debug\Obj\utility.o
#        C:\Users\a6735\LHB_DATA\03-project\47-smart-care\smartcare\SC\project\Debug\Obj\wdog.o
#        -o
#        C:\Users\a6735\LHB_DATA\03-project\47-smart-care\smartcare\SC\project\Debug\Exe\zmdo-8..out
#        --map
#        C:\Users\a6735\LHB_DATA\03-project\47-smart-care\smartcare\SC\project\Debug\List\zmdo-8..map
#        --config "C:\Program Files (x86)\IAR Systems\Embedded Workbench
#        8.0\arm\config\linker\ST\stm32f030x4.icf" --semihosting --entry
#        __iar_program_start --vfe --text_out locale)
#
###############################################################################

*******************************************************************************
*** RUNTIME MODEL ATTRIBUTES
***

CppFlavor       = *
__SystemLibrary = DLib
__dlib_version  = 6


*******************************************************************************
*** HEAP SELECTION
***

The basic heap was selected because no calls to memory allocation
functions were found in the application outside of system library
functions, and there are calls to deallocation functions in the
application.


*******************************************************************************
*** PLACEMENT SUMMARY
***

"A0":  place at 0x08000000 { ro section .intvec };
"P1":  place in [from 0x08000000 to 0x08003fff] { ro };
define block CSTACK with size = 1K, alignment = 8 { };
define block HEAP with size = 1K, alignment = 8 { };
"P2":  place in [from 0x20000000 to 0x20000fff] {
          rw, block CSTACK, block HEAP };
initialize by copy { rw };

  Section            Kind        Address    Size  Object
  -------            ----        -------    ----  ------
"A0":                                       0xb4
  .intvec            ro code  0x08000000    0xb4  startup_stm32f030.o [1]
                            - 0x080000b4    0xb4

"P1":                                     0x227a
  .text              ro code  0x080000b4   0x44c  stm32f0xx_rcc.o [1]
  .text              ro code  0x08000500    0xe0  I32DivModFast.o [4]
  .text              ro code  0x080005e0     0x2  IntDivZer.o [4]
  .text              ro code  0x080005e2     0x6  stm32f0xx_it.o [1]
  .text              ro code  0x080005e8   0x2c0  stm32f0xx_tim.o [1]
  .text              ro code  0x080008a8   0x23c  timer.o [1]
  .text              ro code  0x08000ae4   0x124  core.o [1]
  CODE               ro code  0x08000c08    0x98  portForM0.o [1]
  .text              ro code  0x08000ca0   0x20c  task.o [1]
  .text              ro code  0x08000eac    0xb4  serviceReq.o [1]
  .text              ro code  0x08000f60   0x114  event.o [1]
  .text              ro code  0x08001074    0xb8  arch.o [1]
  .text              ro code  0x0800112c    0xf0  time.o [1]
  .text              ro code  0x0800121c    0x3c  sem.o [1]
  .text              ro code  0x08001258   0x178  flag.o [1]
  .text              ro code  0x080013d0   0x1b4  stm32f0xx_dma.o [1]
  .text              ro code  0x08001584   0x190  pwm.o [1]
  .text              ro code  0x08001714   0x100  stm32f0xx_gpio.o [1]
  .text              ro code  0x08001814   0x18e  stm32f0xx_usart.o [1]
  .text              ro code  0x080019a2     0x2  startup_stm32f030.o [1]
  .text              ro code  0x080019a4   0x164  system_stm32f0xx.o [1]
  .text              ro code  0x08001b08   0x130  stm32f0xx_adc.o [1]
  .text              ro code  0x08001c38   0x108  adc.o [1]
  .text              ro code  0x08001d40    0xf8  App.o [1]
  .text              ro code  0x08001e38    0x54  ringbuf.o [1]
  .text              ro code  0x08001e8c    0xc0  gpio.o [1]
  .text              ro code  0x08001f4c    0xa0  usart.o [1]
  .text              ro code  0x08001fec    0x34  ABImemcpy.o [4]
  .rodata            const    0x08002020    0xb0  gpio.o [1]
  .text              ro code  0x080020d0    0x60  sys.o [1]
  .text              ro code  0x08002130    0x3c  stm32f0xx_flash.o [1]
  .text              ro code  0x0800216c    0x40  zero_init3.o [4]
  .text              ro code  0x080021ac    0x3c  startup_stm32f030.o [1]
  .text              ro code  0x080021e8    0x30  copy_init3.o [4]
  .text              ro code  0x08002218    0x28  data_init.o [4]
  .iar.init_table    const    0x08002240    0x24  - Linker created -
  .text              ro code  0x08002264    0x1a  cmain.o [4]
  .text              ro code  0x0800227e     0x4  low_level_init.o [3]
  .text              ro code  0x08002282     0x8  exit.o [3]
  .text              ro code  0x0800228a     0x2  startup_stm32f030.o [1]
  .text              ro code  0x0800228c     0xa  cexit.o [4]
  .text              ro code  0x08002296     0x2  startup_stm32f030.o [1]
  .text              ro code  0x08002298    0x14  exit.o [5]
  .rodata            const    0x080022ac    0x18  usart.o [1]
  Initializer bytes  const    0x080022c4    0x14  <for P2-1>
  .text              ro code  0x080022d8     0xc  cstartup_M.o [4]
  .text              ro code  0x080022e4     0x2  startup_stm32f030.o [1]
  .rodata            const    0x080022e8     0x8  gpio.o [1]
  .rodata            const    0x080022f0     0x8  usart.o [1]
  .rodata            const    0x080022f8     0x4  App.o [1]
  .rodata            const    0x080022fc     0x4  gpio.o [1]
  .rodata            const    0x08002300     0x4  gpio.o [1]
  .text              ro code  0x08002304     0x4  hook.o [1]
  .text              ro code  0x08002308     0x2  startup_stm32f030.o [1]
  .text              ro code  0x0800230a     0x2  startup_stm32f030.o [1]
  .text              ro code  0x0800230c     0x2  startup_stm32f030.o [1]
  .text              ro code  0x0800230e     0x2  startup_stm32f030.o [1]
  .text              ro code  0x08002310     0x2  startup_stm32f030.o [1]
  .text              ro code  0x08002312     0x2  startup_stm32f030.o [1]
  .text              ro code  0x08002314     0x2  startup_stm32f030.o [1]
  .text              ro code  0x08002316     0x2  startup_stm32f030.o [1]
  .text              ro code  0x08002318     0x2  startup_stm32f030.o [1]
  .text              ro code  0x0800231a     0x2  startup_stm32f030.o [1]
  .text              ro code  0x0800231c     0x2  startup_stm32f030.o [1]
  .text              ro code  0x0800231e     0x2  startup_stm32f030.o [1]
  .text              ro code  0x08002320     0x2  startup_stm32f030.o [1]
  .text              ro code  0x08002322     0x2  startup_stm32f030.o [1]
  .text              ro code  0x08002324     0x2  startup_stm32f030.o [1]
  .text              ro code  0x08002326     0x2  startup_stm32f030.o [1]
  .text              ro code  0x08002328     0x2  startup_stm32f030.o [1]
  .text              ro code  0x0800232a     0x2  startup_stm32f030.o [1]
  .text              ro code  0x0800232c     0x2  startup_stm32f030.o [1]
  .rodata            const    0x0800232e     0x0  zero_init3.o [4]
  .rodata            const    0x0800232e     0x0  copy_init3.o [4]
                            - 0x0800232e  0x227a

"P2", part 1 of 3:                          0x14
  P2-1                        0x20000000    0x12  <Init block>
    .data            inited   0x20000000    0x10  stm32f0xx_rcc.o [1]
    .data            inited   0x20000010     0x2  ringbuf.o [1]
                            - 0x20000012    0x12

"P2", part 2 of 3:                         0x670
  .bss               zero     0x20000014   0x200  App.o [1]
  .bss               zero     0x20000214   0x200  App.o [1]
  .bss               zero     0x20000414    0xf0  task.o [1]
  .bss               zero     0x20000504    0x64  task.o [1]
  .bss               zero     0x20000568    0x50  event.o [1]
  .bss               zero     0x200005b8    0x34  ringbuf.o [1]
  .bss               zero     0x200005ec    0x30  timer.o [1]
  .bss               zero     0x2000061c    0x1c  serviceReq.o [1]
  .bss               zero     0x20000638    0x14  flag.o [1]
  .bss               zero     0x20000650     0x8  arch.o [1]
  .bss               zero     0x20000658     0x4  event.o [1]
  .bss               zero     0x2000065c     0x4  ringbuf.o [1]
  .bss               zero     0x20000660     0x4  task.o [1]
  .bss               zero     0x20000664     0x4  task.o [1]
  .bss               zero     0x20000668     0x4  task.o [1]
  .bss               zero     0x2000066c     0x4  task.o [1]
  .bss               zero     0x20000670     0x4  time.o [1]
  .bss               zero     0x20000674     0x4  timer.o [1]
  .bss               zero     0x20000678     0x2  adc.o [1]
  .bss               zero     0x2000067a     0x2  ringbuf.o [1]
  .bss               zero     0x2000067c     0x1  App.o [1]
  .bss               zero     0x2000067d     0x1  core.o [1]
  .bss               zero     0x2000067e     0x1  core.o [1]
  .bss               zero     0x2000067f     0x1  core.o [1]
  .bss               zero     0x20000680     0x1  serviceReq.o [1]
  .bss               zero     0x20000681     0x1  serviceReq.o [1]
  .bss               zero     0x20000682     0x1  serviceReq.o [1]
                            - 0x20000683   0x66f

"P2", part 3 of 3:                         0x400
  CSTACK                      0x20000688   0x400  <Block>
    CSTACK           uninit   0x20000688   0x400  <Block tail>
                            - 0x20000a88   0x400


*******************************************************************************
*** INIT TABLE
***

          Address     Size
          -------     ----
Zero (__iar_zero_init3)
    1 destination range, total size 0x66f:
          0x20000014  0x66f

Copy (__iar_copy_init3)
    1 source range, total size 0x14 (111% of destination):
          0x080022c4   0x14
    1 destination range, total size 0x12:
          0x20000000   0x12



*******************************************************************************
*** MODULE SUMMARY
***

    Module               ro code  ro data  rw data
    ------               -------  -------  -------
C:\Users\a6735\LHB_DATA\03-project\47-smart-care\smartcare\SC\project\Debug\Obj: [1]
    App.o                    248        4    1 025
    adc.o                    264                 2
    arch.o                   184                 8
    core.o                   292                 3
    event.o                  276                84
    flag.o                   376                20
    gpio.o                   192      192
    hook.o                     4
    portForM0.o              152
    pwm.o                    400
    ringbuf.o                 84        2       60
    sem.o                     60
    serviceReq.o             180                31
    startup_stm32f030.o      286
    stm32f0xx_adc.o          304
    stm32f0xx_dma.o          436
    stm32f0xx_flash.o         60
    stm32f0xx_gpio.o         256
    stm32f0xx_it.o             6
    stm32f0xx_rcc.o        1 100       16       16
    stm32f0xx_tim.o          704
    stm32f0xx_usart.o        398
    sys.o                     96
    system_stm32f0xx.o       356
    task.o                   524               356
    time.o                   240                 4
    timer.o                  572                52
    usart.o                  160       32
    ----------------------------------------------
    Total:                 8 210      246    1 661

command line: [2]
    ----------------------------------------------
    Total:

dl6M_tlf.a: [3]
    exit.o                     8
    low_level_init.o           4
    ----------------------------------------------
    Total:                    12

rt6M_tl.a: [4]
    ABImemcpy.o               52
    I32DivModFast.o          224
    IntDivZer.o                2
    cexit.o                   10
    cmain.o                   26
    copy_init3.o              48
    cstartup_M.o              12
    data_init.o               40
    zero_init3.o              64
    ----------------------------------------------
    Total:                   478

shb_l.a: [5]
    exit.o                    20
    ----------------------------------------------
    Total:                    20

    Gaps                                2        4
    Linker created                     38    1 024
--------------------------------------------------
    Grand Total:           8 720      286    2 689


*******************************************************************************
*** ENTRY LIST
***

Entry                      Address   Size  Type      Object
-----                      -------   ----  ----      ------
.iar.init_table$$Base   0x08002240          --   Gb  - Linker created -
.iar.init_table$$Limit  0x08002264          --   Gb  - Linker created -
?main                   0x08002265         Code  Gb  cmain.o [4]
ADC_ChannelConfig       0x08001b87   0x16  Code  Gb  stm32f0xx_adc.o [1]
ADC_Cmd                 0x08001b6b   0x1c  Code  Gb  stm32f0xx_adc.o [1]
ADC_DMACmd              0x08001bdd   0x1c  Code  Gb  stm32f0xx_adc.o [1]
ADC_DMARequestModeConfig
                        0x08001bf9   0x10  Code  Gb  stm32f0xx_adc.o [1]
ADC_DeInit              0x08001b09   0x1e  Code  Gb  stm32f0xx_adc.o [1]
ADC_GetCalibrationFactor
                        0x08001b9d   0x36  Code  Gb  stm32f0xx_adc.o [1]
ADC_GetFlagStatus       0x08001c09   0x24  Code  Gb  stm32f0xx_adc.o [1]
ADC_Init                0x08001b27   0x2a  Code  Gb  stm32f0xx_adc.o [1]
ADC_StartOfConversion   0x08001bd3    0xa  Code  Gb  stm32f0xx_adc.o [1]
ADC_StructInit          0x08001b51   0x1a  Code  Gb  stm32f0xx_adc.o [1]
APBAHBPrescTable        0x20000000   0x10  Data  Lc  stm32f0xx_rcc.o [1]
AssignTCB               0x08000de9   0x32  Code  Lc  task.o [1]
CSTACK$$Base            0x20000688          --   Gb  - Linker created -
CSTACK$$Limit           0x20000a88          --   Gb  - Linker created -
CoCreateFlag            0x08001259   0x5e  Code  Gb  flag.o [1]
CoEnterISR              0x08000ae5    0xa  Code  Gb  core.o [1]
CoExitISR               0x08000aef   0x32  Code  Gb  core.o [1]
CoIdleTask              0x08002305    0x4  Code  Gb  hook.o [1]
CoInitOS                0x08000b57   0x50  Code  Gb  core.o [1]
CoPostSem               0x0800121d   0x34  Code  Gb  sem.o [1]
CoSetFlag               0x080012c1   0x70  Code  Gb  flag.o [1]
CoStartOS               0x08000ba7   0x26  Code  Gb  core.o [1]
CreateEventList         0x08000f61   0x40  Code  Gb  event.o [1]
CreateTCBList           0x08000ca1   0x2c  Code  Gb  task.o [1]
CreateTask              0x08000e29   0x6a  Code  Gb  task.o [1]
DMA_Cmd                 0x08001527   0x1c  Code  Gb  stm32f0xx_dma.o [1]
DMA_DeInit              0x080013d1  0x11a  Code  Gb  stm32f0xx_dma.o [1]
DMA_Init                0x080014eb   0x3c  Code  Gb  stm32f0xx_dma.o [1]
Dec8                    0x08000c1d         Code  Gb  portForM0.o [1]
DlyList                 0x20000670    0x4  Data  Gb  time.o [1]
EventTaskToRdy          0x08000fa1   0x60  Code  Gb  event.o [1]
EventTbl                0x20000568   0x50  Data  Gb  event.o [1]
FLASH_PrefetchBufferCmd
                        0x08002143   0x24  Code  Gb  stm32f0xx_flash.o [1]
FLASH_SetLatency        0x08002131   0x12  Code  Gb  stm32f0xx_flash.o [1]
FlagCrl                 0x20000638   0x14  Data  Gb  flag.o [1]
Flag_Massage_ID         0x2000067c    0x1  Data  Gb  App.o [1]
FreeEventList           0x20000658    0x4  Data  Gb  event.o [1]
FreeTCB                 0x20000660    0x4  Data  Gb  task.o [1]
GPIO_Init               0x08001715   0xa0  Code  Gb  stm32f0xx_gpio.o [1]
GPIO_PinAFConfig        0x080017bb   0x5a  Code  Gb  stm32f0xx_gpio.o [1]
GPIO_SetBits            0x080017b5    0x6  Code  Gb  stm32f0xx_gpio.o [1]
HardFault_Handler       0x080005e7    0x2  Code  Gb  stm32f0xx_it.o [1]
IRQ_DISABLE_SAVE        0x08000c33         Code  Gb  portForM0.o [1]
IRQ_ENABLE_RESTORE      0x08000c2f         Code  Gb  portForM0.o [1]
Inc8                    0x08000c09         Code  Gb  portForM0.o [1]
InitTaskContext         0x08001075   0x1e  Code  Gb  arch.o [1]
InsertTmrList           0x080008a9  0x130  Code  Lc  timer.o [1]
InsertToTCBRdyList      0x08000ccd   0x5a  Code  Gb  task.o [1]
IsrReq                  0x20000680    0x1  Data  Gb  serviceReq.o [1]
LED_Task                0x08001dc5   0x28  Code  Gb  App.o [1]
LED_Task_Stk            0x20000014  0x200  Data  Gb  App.o [1]
MOTO_Task               0x08001ded   0x4c  Code  Gb  App.o [1]
MOTO_Task_Stk           0x20000214  0x200  Data  Gb  App.o [1]
NMI_Handler             0x080005e3    0x2  Code  Gb  stm32f0xx_it.o [1]
NVIC_EnableIRQ          0x08001f4d    0xe  Code  Lc  usart.o [1]
OSIntNesting            0x2000067d    0x1  Data  Gb  core.o [1]
OSSchedLock             0x2000067e    0x1  Data  Gb  core.o [1]
OSTickCnt               0x20000650    0x8  Data  Gb  arch.o [1]
OsSchedUnlock           0x08000b21   0x36  Code  Gb  core.o [1]
PendSV_Handler          0x08000c47         Code  Gb  portForM0.o [1]
RCC_AHBPeriphClockCmd   0x080003f9   0x20  Code  Gb  stm32f0xx_rcc.o [1]
RCC_APB1PeriphClockCmd  0x08000439   0x20  Code  Gb  stm32f0xx_rcc.o [1]
RCC_APB2PeriphClockCmd  0x08000419   0x20  Code  Gb  stm32f0xx_rcc.o [1]
RCC_APB2PeriphResetCmd  0x08000461   0x20  Code  Gb  stm32f0xx_rcc.o [1]
RCC_DeInit              0x080000b5   0x68  Code  Gb  stm32f0xx_rcc.o [1]
RCC_GetClocksFreq       0x080001f5  0x200  Code  Gb  stm32f0xx_rcc.o [1]
RCC_GetFlagStatus       0x08000499   0x48  Code  Gb  stm32f0xx_rcc.o [1]
RCC_HCLKConfig          0x08000193   0x12  Code  Gb  stm32f0xx_rcc.o [1]
RCC_HSICmd              0x0800011d   0x24  Code  Gb  stm32f0xx_rcc.o [1]
RCC_PCLKConfig          0x080001a5   0x12  Code  Gb  stm32f0xx_rcc.o [1]
RCC_PLLCmd              0x0800015b   0x26  Code  Gb  stm32f0xx_rcc.o [1]
RCC_PLLConfig           0x08000141   0x1a  Code  Gb  stm32f0xx_rcc.o [1]
RCC_SYSCLKConfig        0x08000181   0x12  Code  Gb  stm32f0xx_rcc.o [1]
Region$$Table$$Base     0x08002240          --   Gb  - Linker created -
Region$$Table$$Limit    0x08002264          --   Gb  - Linker created -
RegularConvData_Tab     0x20000678    0x2  Data  Gb  adc.o [1]
RemoveDelayList         0x0800112d   0x74  Code  Gb  time.o [1]
RemoveEventWaittingList
                        0x08001001   0x60  Code  Gb  event.o [1]
RemoveFromLink          0x08001331   0x3a  Code  Lc  flag.o [1]
RemoveFromTCBRdyList    0x08000d27   0x58  Code  Gb  task.o [1]
RemoveLinkNode          0x08001371   0x58  Code  Gb  flag.o [1]
RemoveTmrList           0x080009d9   0x88  Code  Lc  timer.o [1]
RespondSRQ              0x08000ead   0xa2  Code  Gb  serviceReq.o [1]
RingbufPut              0x08001e39   0x42  Code  Gb  ringbuf.o [1]
SVC_Handler             0x080005e5    0x2  Code  Gb  stm32f0xx_it.o [1]
Schedule                0x08000d7f   0x6a  Code  Gb  task.o [1]
ServiceReq              0x2000061c   0x1c  Data  Gb  serviceReq.o [1]
SetEnvironment          0x08000c37         Code  Gb  portForM0.o [1]
SetSysClock             0x08001a13   0xbe  Code  Lc  system_stm32f0xx.o [1]
SwitchContext           0x08000c3f         Code  Gb  portForM0.o [1]
SysInitRcc              0x080020d1   0x60  Code  Gb  sys.o [1]
SysTick_Handler         0x08001093   0x84  Code  Gb  arch.o [1]
SystemInit              0x080019a5   0x6e  Code  Gb  system_stm32f0xx.o [1]
TCBNext                 0x20000668    0x4  Data  Gb  task.o [1]
TCBRdy                  0x20000664    0x4  Data  Gb  task.o [1]
TCBRunning              0x2000066c    0x4  Data  Gb  task.o [1]
TCBTbl                  0x20000414   0xf0  Data  Gb  task.o [1]
TIM_ARRPreloadConfig    0x08000645   0x1c  Code  Gb  stm32f0xx_tim.o [1]
TIM_Cmd                 0x08000661   0x1c  Code  Gb  stm32f0xx_tim.o [1]
TIM_CtrlPWMOutputs      0x08000689   0x26  Code  Gb  stm32f0xx_tim.o [1]
TIM_OC1Init             0x080006af   0x72  Code  Gb  stm32f0xx_tim.o [1]
TIM_OC1PreloadConfig    0x0800083d    0xe  Code  Gb  stm32f0xx_tim.o [1]
TIM_OC2Init             0x08000735   0x7a  Code  Gb  stm32f0xx_tim.o [1]
TIM_OC2PreloadConfig    0x0800084b   0x10  Code  Gb  stm32f0xx_tim.o [1]
TIM_OC3Init             0x080007af   0x6c  Code  Gb  stm32f0xx_tim.o [1]
TIM_OC3PreloadConfig    0x08000861    0xe  Code  Gb  stm32f0xx_tim.o [1]
TIM_TimeBaseInit        0x080005e9   0x5c  Code  Gb  stm32f0xx_tim.o [1]
TaskSchedReq            0x2000067f    0x1  Data  Gb  core.o [1]
TimeDispose             0x080011a1   0x4e  Code  Gb  time.o [1]
TimeReq                 0x20000681    0x1  Data  Gb  serviceReq.o [1]
TimerReq                0x20000682    0x1  Data  Gb  serviceReq.o [1]
TmrDispose              0x08000a6d   0x48  Code  Gb  timer.o [1]
TmrList                 0x20000674    0x4  Data  Gb  timer.o [1]
TmrTbl                  0x200005ec   0x30  Data  Gb  timer.o [1]
USART1_IRQHandler       0x08001d41   0x24  Code  Gb  App.o [1]
USART_ClearFlag         0x08001951    0x4  Code  Gb  stm32f0xx_usart.o [1]
USART_Cmd               0x080018d3   0x1c  Code  Gb  stm32f0xx_usart.o [1]
USART_GetITStatus       0x08001955   0x4e  Code  Gb  stm32f0xx_usart.o [1]
USART_ITConfig          0x08001915   0x3c  Code  Gb  stm32f0xx_usart.o [1]
USART_Init              0x08001815   0xbe  Code  Gb  stm32f0xx_usart.o [1]
USART_ReceiveData       0x080018fd    0x8  Code  Gb  stm32f0xx_usart.o [1]
__ICFEDIT_region_RAM_end__ {Abs}
                        0x20000fff         Data  Gb  command line/config [2]
__ICFEDIT_region_RAM_start__ {Abs}
                        0x20000000         Data  Gb  command line/config [2]
__aeabi_idiv            0x0800052d         Code  Gb  I32DivModFast.o [4]
__aeabi_idiv0           0x080005e1         Code  Gb  IntDivZer.o [4]
__aeabi_idivmod         0x0800052d         Code  Gb  I32DivModFast.o [4]
__aeabi_memcpy4         0x08001fed         Code  Wk  ABImemcpy.o [4]
__aeabi_uidiv           0x08000533         Code  Gb  I32DivModFast.o [4]
__aeabi_uidivmod        0x08000533         Code  Gb  I32DivModFast.o [4]
__cmain                 0x08002265         Code  Gb  cmain.o [4]
__exit                  0x08002299   0x14  Code  Gb  exit.o [5]
__iar_copy_init3        0x080021e9   0x30  Code  Gb  copy_init3.o [4]
__iar_data_init3        0x08002219   0x28  Code  Gb  data_init.o [4]
__iar_program_start     0x080022d9         Code  Gb  cstartup_M.o [4]
__iar_systems$$module {Abs}
                        0x00000001         Data  Gb  command line/config [2]
__iar_zero_init3        0x0800216d   0x40  Code  Gb  zero_init3.o [4]
__low_level_init        0x0800227f    0x4  Code  Gb  low_level_init.o [3]
__vector_table          0x08000000         Data  Gb  startup_stm32f030.o [1]
_call_main              0x08002271         Code  Gb  cmain.o [4]
_exit                   0x0800228d         Code  Gb  cexit.o [4]
_main                   0x0800227b         Code  Gb  cmain.o [4]
adc_init                0x08001c39   0xf4  Code  Gb  adc.o [1]
buf                     0x200005b8   0x34  Data  Gb  ringbuf.o [1]
exit                    0x08002283    0x8  Code  Gb  exit.o [3]
fill_cnt                0x2000065c    0x4  Data  Gb  ringbuf.o [1]
gpio_mode               0x08001e8d   0x66  Code  Gb  gpio.o [1]
gpio_mode_buff          0x080022fc    0x4  Data  Lc  gpio.o [1]
gpio_pupd_buff          0x08002300    0x4  Data  Lc  gpio.o [1]
gpio_write              0x08001ef3   0x4a  Code  Gb  gpio.o [1]
idle_stk                0x20000504   0x64  Data  Gb  task.o [1]
isr_TimeDispose         0x080011ef   0x1e  Code  Gb  time.o [1]
isr_TmrDispose          0x08000ab5   0x1e  Code  Gb  timer.o [1]
length                  0x20000010    0x2  Data  Gb  ringbuf.o [1]
main                    0x08001d65   0x36  Code  Gb  App.o [1]
pininfo                 0x08002020   0xb0  Data  Gb  gpio.o [1]
pwm_init                0x08001585  0x190  Code  Gb  pwm.o [1]
tail                    0x2000067a    0x2  Data  Gb  ringbuf.o [1]
usart_mode_init         0x08001f5b   0x7c  Code  Gb  usart.o [1]


[1] = C:\Users\a6735\LHB_DATA\03-project\47-smart-care\smartcare\SC\project\Debug\Obj
[2] = command line
[3] = dl6M_tlf.a
[4] = rt6M_tl.a
[5] = shb_l.a

  8 720 bytes of readonly  code memory
    286 bytes of readonly  data memory
  2 689 bytes of readwrite data memory

Errors: none
Warnings: none
