###############################################################################
#
# IAR ELF Linker V8.11.2.13589/W32 for ARM                09/Aug/2017  17:13:32
# Copyright 2007-2017 IAR Systems AB.
#
#    Output file  =  
#        C:\Users\a6735\LHB_DATA\03-project\47-smart-care\code\SC\project\Debug\Exe\zmdo-8..out
#    Map file     =  
#        C:\Users\a6735\LHB_DATA\03-project\47-smart-care\code\SC\project\Debug\List\zmdo-8..map
#    Command line =  
#        -f C:\Users\a6735\AppData\Local\Temp\EW84D6.tmp
#        (C:\Users\a6735\LHB_DATA\03-project\47-smart-care\code\SC\project\Debug\Obj\App.o
#        C:\Users\a6735\LHB_DATA\03-project\47-smart-care\code\SC\project\Debug\Obj\arch.o
#        C:\Users\a6735\LHB_DATA\03-project\47-smart-care\code\SC\project\Debug\Obj\core.o
#        C:\Users\a6735\LHB_DATA\03-project\47-smart-care\code\SC\project\Debug\Obj\event.o
#        C:\Users\a6735\LHB_DATA\03-project\47-smart-care\code\SC\project\Debug\Obj\flag.o
#        C:\Users\a6735\LHB_DATA\03-project\47-smart-care\code\SC\project\Debug\Obj\flash.o
#        C:\Users\a6735\LHB_DATA\03-project\47-smart-care\code\SC\project\Debug\Obj\hook.o
#        C:\Users\a6735\LHB_DATA\03-project\47-smart-care\code\SC\project\Debug\Obj\kernelHeap.o
#        C:\Users\a6735\LHB_DATA\03-project\47-smart-care\code\SC\project\Debug\Obj\led.o
#        C:\Users\a6735\LHB_DATA\03-project\47-smart-care\code\SC\project\Debug\Obj\mbox.o
#        C:\Users\a6735\LHB_DATA\03-project\47-smart-care\code\SC\project\Debug\Obj\mm.o
#        C:\Users\a6735\LHB_DATA\03-project\47-smart-care\code\SC\project\Debug\Obj\mutex.o
#        C:\Users\a6735\LHB_DATA\03-project\47-smart-care\code\SC\project\Debug\Obj\portForM0.o
#        C:\Users\a6735\LHB_DATA\03-project\47-smart-care\code\SC\project\Debug\Obj\queue.o
#        C:\Users\a6735\LHB_DATA\03-project\47-smart-care\code\SC\project\Debug\Obj\ringbuf.o
#        C:\Users\a6735\LHB_DATA\03-project\47-smart-care\code\SC\project\Debug\Obj\sem.o
#        C:\Users\a6735\LHB_DATA\03-project\47-smart-care\code\SC\project\Debug\Obj\serviceReq.o
#        C:\Users\a6735\LHB_DATA\03-project\47-smart-care\code\SC\project\Debug\Obj\startup_stm32f030.o
#        C:\Users\a6735\LHB_DATA\03-project\47-smart-care\code\SC\project\Debug\Obj\stm32f0xx_adc.o
#        C:\Users\a6735\LHB_DATA\03-project\47-smart-care\code\SC\project\Debug\Obj\stm32f0xx_can.o
#        C:\Users\a6735\LHB_DATA\03-project\47-smart-care\code\SC\project\Debug\Obj\stm32f0xx_cec.o
#        C:\Users\a6735\LHB_DATA\03-project\47-smart-care\code\SC\project\Debug\Obj\stm32f0xx_comp.o
#        C:\Users\a6735\LHB_DATA\03-project\47-smart-care\code\SC\project\Debug\Obj\stm32f0xx_crc.o
#        C:\Users\a6735\LHB_DATA\03-project\47-smart-care\code\SC\project\Debug\Obj\stm32f0xx_crs.o
#        C:\Users\a6735\LHB_DATA\03-project\47-smart-care\code\SC\project\Debug\Obj\stm32f0xx_dac.o
#        C:\Users\a6735\LHB_DATA\03-project\47-smart-care\code\SC\project\Debug\Obj\stm32f0xx_dbgmcu.o
#        C:\Users\a6735\LHB_DATA\03-project\47-smart-care\code\SC\project\Debug\Obj\stm32f0xx_dma.o
#        C:\Users\a6735\LHB_DATA\03-project\47-smart-care\code\SC\project\Debug\Obj\stm32f0xx_exti.o
#        C:\Users\a6735\LHB_DATA\03-project\47-smart-care\code\SC\project\Debug\Obj\stm32f0xx_flash.o
#        C:\Users\a6735\LHB_DATA\03-project\47-smart-care\code\SC\project\Debug\Obj\stm32f0xx_gpio.o
#        C:\Users\a6735\LHB_DATA\03-project\47-smart-care\code\SC\project\Debug\Obj\stm32f0xx_i2c.o
#        C:\Users\a6735\LHB_DATA\03-project\47-smart-care\code\SC\project\Debug\Obj\stm32f0xx_it.o
#        C:\Users\a6735\LHB_DATA\03-project\47-smart-care\code\SC\project\Debug\Obj\stm32f0xx_iwdg.o
#        C:\Users\a6735\LHB_DATA\03-project\47-smart-care\code\SC\project\Debug\Obj\stm32f0xx_misc.o
#        C:\Users\a6735\LHB_DATA\03-project\47-smart-care\code\SC\project\Debug\Obj\stm32f0xx_pwr.o
#        C:\Users\a6735\LHB_DATA\03-project\47-smart-care\code\SC\project\Debug\Obj\stm32f0xx_rcc.o
#        C:\Users\a6735\LHB_DATA\03-project\47-smart-care\code\SC\project\Debug\Obj\stm32f0xx_rtc.o
#        C:\Users\a6735\LHB_DATA\03-project\47-smart-care\code\SC\project\Debug\Obj\stm32f0xx_spi.o
#        C:\Users\a6735\LHB_DATA\03-project\47-smart-care\code\SC\project\Debug\Obj\stm32f0xx_syscfg.o
#        C:\Users\a6735\LHB_DATA\03-project\47-smart-care\code\SC\project\Debug\Obj\stm32f0xx_tim.o
#        C:\Users\a6735\LHB_DATA\03-project\47-smart-care\code\SC\project\Debug\Obj\stm32f0xx_usart.o
#        C:\Users\a6735\LHB_DATA\03-project\47-smart-care\code\SC\project\Debug\Obj\stm32f0xx_wwdg.o
#        C:\Users\a6735\LHB_DATA\03-project\47-smart-care\code\SC\project\Debug\Obj\sys.o
#        C:\Users\a6735\LHB_DATA\03-project\47-smart-care\code\SC\project\Debug\Obj\system_stm32f0xx.o
#        C:\Users\a6735\LHB_DATA\03-project\47-smart-care\code\SC\project\Debug\Obj\task.o
#        C:\Users\a6735\LHB_DATA\03-project\47-smart-care\code\SC\project\Debug\Obj\time.o
#        C:\Users\a6735\LHB_DATA\03-project\47-smart-care\code\SC\project\Debug\Obj\timer.o
#        C:\Users\a6735\LHB_DATA\03-project\47-smart-care\code\SC\project\Debug\Obj\utility.o
#        C:\Users\a6735\LHB_DATA\03-project\47-smart-care\code\SC\project\Debug\Obj\wdog.o
#        -o
#        C:\Users\a6735\LHB_DATA\03-project\47-smart-care\code\SC\project\Debug\Exe\zmdo-8..out
#        --map
#        C:\Users\a6735\LHB_DATA\03-project\47-smart-care\code\SC\project\Debug\List\zmdo-8..map
#        --config "C:\Program Files (x86)\IAR Systems\Embedded Workbench
#        8.0\arm\config\linker\ST\stm32f030x4.icf" --semihosting --entry
#        __iar_program_start --vfe --text_out locale)
#
###############################################################################

*******************************************************************************
*** RUNTIME MODEL ATTRIBUTES
***

CppFlavor       = *
__SystemLibrary = DLib
__dlib_version  = 6


*******************************************************************************
*** HEAP SELECTION
***

The basic heap was selected because no calls to memory allocation
functions were found in the application outside of system library
functions, and there are calls to deallocation functions in the
application.


*******************************************************************************
*** PLACEMENT SUMMARY
***

"A0":  place at 0x08000000 { ro section .intvec };
"P1":  place in [from 0x08000000 to 0x08003fff] { ro };
define block CSTACK with size = 1K, alignment = 8 { };
define block HEAP with size = 1K, alignment = 8 { };
"P2":  place in [from 0x20000000 to 0x20000fff] {
          rw, block CSTACK, block HEAP };

  Section          Kind        Address   Size  Object
  -------          ----        -------   ----  ------
"A0":                                    0xb4
  .intvec          ro code  0x08000000   0xb4  startup_stm32f030.o [1]
                          - 0x080000b4   0xb4

"P1":                                   0xf2e
  .text            ro code  0x080000b4  0x200  task.o [1]
  CODE             ro code  0x080002b4   0x98  portForM0.o [1]
  .text            ro code  0x0800034c   0xe4  core.o [1]
  .text            ro code  0x08000430   0x84  arch.o [1]
  .text            ro code  0x080004b4   0x90  serviceReq.o [1]
  .text            ro code  0x08000544  0x114  event.o [1]
  .text            ro code  0x08000658  0x1bc  time.o [1]
  .text            ro code  0x08000814   0x3c  sem.o [1]
  .text            ro code  0x08000850   0xe0  I32DivModFast.o [4]
  .text            ro code  0x08000930    0x2  IntDivZer.o [4]
  .text            ro code  0x08000932    0x2  startup_stm32f030.o [1]
  .text            ro code  0x08000934  0x1bc  stm32f0xx_rcc.o [1]
  .text            ro code  0x08000af0  0x164  system_stm32f0xx.o [1]
  .text            ro code  0x08000c54  0x108  App.o [1]
  .text            ro code  0x08000d5c   0xaa  stm32f0xx_gpio.o [1]
  .text            ro code  0x08000e06    0x2  startup_stm32f030.o [1]
  .text            ro code  0x08000e08   0x60  sys.o [1]
  .text            ro code  0x08000e68   0x3c  stm32f0xx_flash.o [1]
  .text            ro code  0x08000ea4   0x40  zero_init3.o [4]
  .text            ro code  0x08000ee4   0x3c  startup_stm32f030.o [1]
  .text            ro code  0x08000f20   0x28  data_init.o [4]
  .iar.init_table  const    0x08000f48   0x10  - Linker created -
  .text            ro code  0x08000f58   0x1a  cmain.o [4]
  .text            ro code  0x08000f72    0x4  low_level_init.o [3]
  .text            ro code  0x08000f76    0x8  exit.o [3]
  .text            ro code  0x08000f7e    0x2  startup_stm32f030.o [1]
  .text            ro code  0x08000f80    0xa  cexit.o [4]
  .text            ro code  0x08000f8a    0x2  startup_stm32f030.o [1]
  .text            ro code  0x08000f8c   0x14  exit.o [5]
  .text            ro code  0x08000fa0    0xc  cstartup_M.o [4]
  .rodata          const    0x08000fac    0x4  App.o [1]
  .text            ro code  0x08000fb0    0x4  hook.o [1]
  .text            ro code  0x08000fb4    0x4  stm32f0xx_it.o [1]
  .text            ro code  0x08000fb8    0x2  startup_stm32f030.o [1]
  .text            ro code  0x08000fba    0x2  startup_stm32f030.o [1]
  .text            ro code  0x08000fbc    0x2  startup_stm32f030.o [1]
  .text            ro code  0x08000fbe    0x2  startup_stm32f030.o [1]
  .text            ro code  0x08000fc0    0x2  startup_stm32f030.o [1]
  .text            ro code  0x08000fc2    0x2  startup_stm32f030.o [1]
  .text            ro code  0x08000fc4    0x2  startup_stm32f030.o [1]
  .text            ro code  0x08000fc6    0x2  startup_stm32f030.o [1]
  .text            ro code  0x08000fc8    0x2  startup_stm32f030.o [1]
  .text            ro code  0x08000fca    0x2  startup_stm32f030.o [1]
  .text            ro code  0x08000fcc    0x2  startup_stm32f030.o [1]
  .text            ro code  0x08000fce    0x2  startup_stm32f030.o [1]
  .text            ro code  0x08000fd0    0x2  startup_stm32f030.o [1]
  .text            ro code  0x08000fd2    0x2  startup_stm32f030.o [1]
  .text            ro code  0x08000fd4    0x2  startup_stm32f030.o [1]
  .text            ro code  0x08000fd6    0x2  startup_stm32f030.o [1]
  .text            ro code  0x08000fd8    0x2  startup_stm32f030.o [1]
  .text            ro code  0x08000fda    0x2  startup_stm32f030.o [1]
  .text            ro code  0x08000fdc    0x2  startup_stm32f030.o [1]
  .text            ro code  0x08000fde    0x2  startup_stm32f030.o [1]
  .text            ro code  0x08000fe0    0x2  startup_stm32f030.o [1]
  .rodata          const    0x08000fe2    0x0  zero_init3.o [4]
                          - 0x08000fe2  0xf2e

"P2", part 1 of 2:                      0x5b8
  .bss             zero     0x20000000  0x200  App.o [1]
  .bss             zero     0x20000200  0x200  App.o [1]
  .bss             zero     0x20000400   0xc0  task.o [1]
  .bss             zero     0x200004c0   0x64  task.o [1]
  .bss             zero     0x20000524   0x50  event.o [1]
  .bss             zero     0x20000574   0x1c  serviceReq.o [1]
  .bss             zero     0x20000590    0x8  arch.o [1]
  .bss             zero     0x20000598    0x4  event.o [1]
  .bss             zero     0x2000059c    0x4  task.o [1]
  .bss             zero     0x200005a0    0x4  task.o [1]
  .bss             zero     0x200005a4    0x4  task.o [1]
  .bss             zero     0x200005a8    0x4  task.o [1]
  .bss             zero     0x200005ac    0x4  time.o [1]
  .bss             zero     0x200005b0    0x1  core.o [1]
  .bss             zero     0x200005b1    0x1  core.o [1]
  .bss             zero     0x200005b2    0x1  core.o [1]
  .bss             zero     0x200005b3    0x1  serviceReq.o [1]
  .bss             zero     0x200005b4    0x1  serviceReq.o [1]
                          - 0x200005b5  0x5b5

"P2", part 2 of 2:                      0x400
  CSTACK                    0x200005b8  0x400  <Block>
    CSTACK         uninit   0x200005b8  0x400  <Block tail>
                          - 0x200009b8  0x400


*******************************************************************************
*** INIT TABLE
***

          Address     Size
          -------     ----
Zero (__iar_zero_init3)
    1 destination range, total size 0x5b5:
          0x20000000  0x5b5



*******************************************************************************
*** MODULE SUMMARY
***

    Module               ro code  ro data  rw data
    ------               -------  -------  -------
C:\Users\a6735\LHB_DATA\03-project\47-smart-care\code\SC\project\Debug\Obj: [1]
    App.o                    264        4    1 024
    arch.o                   132                 8
    core.o                   228                 3
    event.o                  276                84
    hook.o                     4
    portForM0.o              152
    sem.o                     60
    serviceReq.o             144                30
    startup_stm32f030.o      290
    stm32f0xx_flash.o         60
    stm32f0xx_gpio.o         170
    stm32f0xx_it.o             4
    stm32f0xx_rcc.o          444
    sys.o                     96
    system_stm32f0xx.o       356
    task.o                   512               308
    time.o                   444                 4
    ----------------------------------------------
    Total:                 3 636        4    1 461

command line: [2]
    ----------------------------------------------
    Total:

dl6M_tln.a: [3]
    exit.o                     8
    low_level_init.o           4
    ----------------------------------------------
    Total:                    12

rt6M_tl.a: [4]
    I32DivModFast.o          224
    IntDivZer.o                2
    cexit.o                   10
    cmain.o                   26
    cstartup_M.o              12
    data_init.o               40
    zero_init3.o              64
    ----------------------------------------------
    Total:                   378

shb_l.a: [5]
    exit.o                    20
    ----------------------------------------------
    Total:                    20

    Linker created                     16    1 024
--------------------------------------------------
    Grand Total:           4 046       20    2 485


*******************************************************************************
*** ENTRY LIST
***

Entry                      Address   Size  Type      Object
-----                      -------   ----  ----      ------
.iar.init_table$$Base   0x08000f48          --   Gb  - Linker created -
.iar.init_table$$Limit  0x08000f58          --   Gb  - Linker created -
?main                   0x08000f59         Code  Gb  cmain.o [4]
AssignTCB               0x080001fd   0x32  Code  Lc  task.o [1]
CSTACK$$Base            0x200005b8          --   Gb  - Linker created -
CSTACK$$Limit           0x200009b8          --   Gb  - Linker created -
CoIdleTask              0x08000fb1    0x4  Code  Gb  hook.o [1]
CoInitOS                0x08000383   0x50  Code  Gb  core.o [1]
CoPostSem               0x08000815   0x34  Code  Gb  sem.o [1]
CoStartOS               0x080003d3   0x26  Code  Gb  core.o [1]
CoTickDelay             0x0800074d   0x4a  Code  Gb  time.o [1]
CreateEventList         0x08000545   0x40  Code  Gb  event.o [1]
CreateTCBList           0x080000b5   0x2c  Code  Gb  task.o [1]
CreateTask              0x0800022f   0x62  Code  Gb  task.o [1]
Dec8                    0x080002c9         Code  Gb  portForM0.o [1]
DlyList                 0x200005ac    0x4  Data  Gb  time.o [1]
EventTaskToRdy          0x08000585   0x60  Code  Gb  event.o [1]
EventTbl                0x20000524   0x50  Data  Gb  event.o [1]
FLASH_PrefetchBufferCmd
                        0x08000e7b   0x24  Code  Gb  stm32f0xx_flash.o [1]
FLASH_SetLatency        0x08000e69   0x12  Code  Gb  stm32f0xx_flash.o [1]
FreeEventList           0x20000598    0x4  Data  Gb  event.o [1]
FreeTCB                 0x2000059c    0x4  Data  Gb  task.o [1]
GPIO_Init               0x08000d5d   0xa0  Code  Gb  stm32f0xx_gpio.o [1]
GPIO_ResetBits          0x08000e03    0x4  Code  Gb  stm32f0xx_gpio.o [1]
GPIO_SetBits            0x08000dfd    0x6  Code  Gb  stm32f0xx_gpio.o [1]
IRQ_DISABLE_SAVE        0x080002df         Code  Gb  portForM0.o [1]
IRQ_ENABLE_RESTORE      0x080002db         Code  Gb  portForM0.o [1]
Inc8                    0x080002b5         Code  Gb  portForM0.o [1]
InitTaskContext         0x08000431   0x1e  Code  Gb  arch.o [1]
InsertDelayList         0x08000659   0x80  Code  Gb  time.o [1]
InsertToTCBRdyList      0x080000e1   0x5a  Code  Gb  task.o [1]
IsrReq                  0x200005b3    0x1  Data  Gb  serviceReq.o [1]
LEDA_Task               0x08000c7f   0x2c  Code  Gb  App.o [1]
LEDA_Task_Stk           0x20000000  0x200  Data  Gb  App.o [1]
LEDB_Task               0x08000cab   0x56  Code  Gb  App.o [1]
LEDB_Task_Stk           0x20000200  0x200  Data  Gb  App.o [1]
LED_Configuration       0x08000d01   0x40  Code  Gb  App.o [1]
NMI_Handler             0x08000fb5    0x2  Code  Gb  stm32f0xx_it.o [1]
OSIntNesting            0x200005b0    0x1  Data  Gb  core.o [1]
OSSchedLock             0x200005b1    0x1  Data  Gb  core.o [1]
OSTickCnt               0x20000590    0x8  Data  Gb  arch.o [1]
OsSchedUnlock           0x0800034d   0x36  Code  Gb  core.o [1]
PendSV_Handler          0x080002f3         Code  Gb  portForM0.o [1]
RCC_AHBPeriphClockCmd   0x08000a75   0x20  Code  Gb  stm32f0xx_rcc.o [1]
RCC_DeInit              0x08000935   0x68  Code  Gb  stm32f0xx_rcc.o [1]
RCC_GetFlagStatus       0x08000a95   0x48  Code  Gb  stm32f0xx_rcc.o [1]
RCC_HCLKConfig          0x08000a13   0x12  Code  Gb  stm32f0xx_rcc.o [1]
RCC_HSICmd              0x0800099d   0x24  Code  Gb  stm32f0xx_rcc.o [1]
RCC_PCLKConfig          0x08000a25   0x12  Code  Gb  stm32f0xx_rcc.o [1]
RCC_PLLCmd              0x080009db   0x26  Code  Gb  stm32f0xx_rcc.o [1]
RCC_PLLConfig           0x080009c1   0x1a  Code  Gb  stm32f0xx_rcc.o [1]
RCC_SYSCLKConfig        0x08000a01   0x12  Code  Gb  stm32f0xx_rcc.o [1]
Region$$Table$$Base     0x08000f48          --   Gb  - Linker created -
Region$$Table$$Limit    0x08000f58          --   Gb  - Linker created -
RemoveDelayList         0x080006d9   0x74  Code  Gb  time.o [1]
RemoveEventWaittingList
                        0x080005e5   0x60  Code  Gb  event.o [1]
RemoveFromTCBRdyList    0x0800013b   0x58  Code  Gb  task.o [1]
RespondSRQ              0x080004b5   0x82  Code  Gb  serviceReq.o [1]
SVC_Handler             0x08000fb7    0x2  Code  Gb  stm32f0xx_it.o [1]
Schedule                0x08000193   0x6a  Code  Gb  task.o [1]
ServiceReq              0x20000574   0x1c  Data  Gb  serviceReq.o [1]
SetEnvironment          0x080002e3         Code  Gb  portForM0.o [1]
SetSysClock             0x08000b5f   0xbe  Code  Lc  system_stm32f0xx.o [1]
SwitchContext           0x080002eb         Code  Gb  portForM0.o [1]
SysInitRcc              0x08000e09   0x60  Code  Gb  sys.o [1]
SysTick_Handler         0x0800044f   0x56  Code  Gb  arch.o [1]
SystemInit              0x08000af1   0x6e  Code  Gb  system_stm32f0xx.o [1]
TCBNext                 0x200005a4    0x4  Data  Gb  task.o [1]
TCBRdy                  0x200005a0    0x4  Data  Gb  task.o [1]
TCBRunning              0x200005a8    0x4  Data  Gb  task.o [1]
TCBTbl                  0x20000400   0xc0  Data  Gb  task.o [1]
TaskSchedReq            0x200005b2    0x1  Data  Gb  core.o [1]
TimeDispose             0x08000797   0x42  Code  Gb  time.o [1]
TimeReq                 0x200005b4    0x1  Data  Gb  serviceReq.o [1]
__ICFEDIT_region_RAM_end__ {Abs}
                        0x20000fff         Data  Gb  command line/config [2]
__ICFEDIT_region_RAM_start__ {Abs}
                        0x20000000         Data  Gb  command line/config [2]
__aeabi_idiv            0x0800087d         Code  Gb  I32DivModFast.o [4]
__aeabi_idiv0           0x08000931         Code  Gb  IntDivZer.o [4]
__aeabi_idivmod         0x0800087d         Code  Gb  I32DivModFast.o [4]
__aeabi_uidiv           0x08000883         Code  Gb  I32DivModFast.o [4]
__aeabi_uidivmod        0x08000883         Code  Gb  I32DivModFast.o [4]
__cmain                 0x08000f59         Code  Gb  cmain.o [4]
__exit                  0x08000f8d   0x14  Code  Gb  exit.o [5]
__iar_data_init3        0x08000f21   0x28  Code  Gb  data_init.o [4]
__iar_program_start     0x08000fa1         Code  Gb  cstartup_M.o [4]
__iar_systems$$module {Abs}
                        0x00000001         Data  Gb  command line/config [2]
__iar_zero_init3        0x08000ea5   0x40  Code  Gb  zero_init3.o [4]
__low_level_init        0x08000f73    0x4  Code  Gb  low_level_init.o [3]
__vector_table          0x08000000         Data  Gb  startup_stm32f030.o [1]
_call_main              0x08000f65         Code  Gb  cmain.o [4]
_exit                   0x08000f81         Code  Gb  cexit.o [4]
_main                   0x08000f6f         Code  Gb  cmain.o [4]
exit                    0x08000f77    0x8  Code  Gb  exit.o [3]
idle_stk                0x200004c0   0x64  Data  Gb  task.o [1]
isr_TimeDispose         0x080007d9   0x1e  Code  Gb  time.o [1]
main                    0x08000c55   0x2a  Code  Gb  App.o [1]


[1] = C:\Users\a6735\LHB_DATA\03-project\47-smart-care\code\SC\project\Debug\Obj
[2] = command line
[3] = dl6M_tln.a
[4] = rt6M_tl.a
[5] = shb_l.a

  4 046 bytes of readonly  code memory
     20 bytes of readonly  data memory
  2 485 bytes of readwrite data memory

Errors: none
Warnings: none
