<html>
<body>
<pre>
<h1>µVision Build Log</h1>
<h2>Tool Versions:</h2>
IDE-Version: ¦ÌVision V5.21.1.0
Copyright (C) 2016 ARM Ltd and ARM Germany GmbH. All rights reserved.
License Information: 2 2w, w, LIC=LSNNN-YAG7G-EH08P-M9GAT-ZVPYL-9M1C1
 
Tool Versions:
Toolchain:       MDK-ARM Plus  Version: 5.21a
Toolchain Path:  C:\Keil_v5\ARM\ARMCC\Bin
C Compiler:      Armcc.exe V5.06 update 3 (build 300)
Assembler:       Armasm.exe V5.06 update 3 (build 300)
Linker/Locator:  ArmLink.exe V5.06 update 3 (build 300)
Library Manager: ArmAr.exe V5.06 update 3 (build 300)
Hex Converter:   FromElf.exe V5.06 update 3 (build 300)
CPU DLL:         SARMCM3.DLL V5.21a
Dialog DLL:      DARMCM1.DLL V1.14.0.0
Target DLL:      STLink\ST-LINKIII-KEIL_SWO.dll V2.0.18.0
Dialog DLL:      TARMCM1.DLL V1.10.0.0
 
<h2>Project:</h2>
C:\Users\a6735\LHB_DATA\03-project\47-smart-care\smartcare\SC\projectMdk\SC.uvprojx
Project File Date:  08/20/2017

<h2>Output:</h2>
*** Using Compiler 'V5.06 update 3 (build 300)', folder: 'C:\Keil_v5\ARM\ARMCC\Bin'
Build target 'SC'
compiling gpio.c...
compiling adc.c...
compiling App.c...
compiling stm32f0xx_it.c...
compiling sys.c...
compiling usart.c...
compiling ringbuffer.c...
compiling wdog.c...
compiling pwm.c...
compiling ringbuf.c...
assembling startup_stm32f030x6.s...
compiling system_stm32f0xx.c...
compiling stm32f0xx_can.c...
compiling stm32f0xx_adc.c...
compiling stm32f0xx_cec.c...
compiling stm32f0xx_crc.c...
compiling stm32f0xx_comp.c...
compiling stm32f0xx_crs.c...
compiling stm32f0xx_dac.c...
compiling stm32f0xx_dbgmcu.c...
compiling stm32f0xx_exti.c...
compiling stm32f0xx_dma.c...
compiling stm32f0xx_flash.c...
compiling stm32f0xx_gpio.c...
compiling stm32f0xx_iwdg.c...
compiling stm32f0xx_i2c.c...
compiling stm32f0xx_misc.c...
compiling stm32f0xx_pwr.c...
compiling stm32f0xx_rcc.c...
compiling stm32f0xx_spi.c...
compiling stm32f0xx_rtc.c...
compiling stm32f0xx_syscfg.c...
compiling stm32f0xx_wwdg.c...
compiling stm32f0xx_usart.c...
compiling stm32f0xx_tim.c...
compiling core.c...
compiling flag.c...
compiling event.c...
compiling hook.c...
compiling mbox.c...
compiling kernelHeap.c...
compiling mm.c...
compiling mutex.c...
compiling queue.c...
compiling sem.c...
compiling serviceReq.c...
compiling task.c...
compiling time.c...
compiling timer.c...
compiling utility.c...
compiling port.c...
compiling arch.c...
linking...
Program Size: Code=8228 RO-data=436 RW-data=104 ZI-data=3560  
".\Objects\SC.axf" - 0 Error(s), 0 Warning(s).

<h2>Collection of Component include folders:</h2>
  C:\Users\a6735\LHB_DATA\03-project\47-smart-care\smartcare\SC\projectMdk\RTE
  C:\Keil_v5\ARM\PACK\Keil\STM32F0xx_DFP\1.5.0\Device\Include

<h2>Collection of Component Files used:</h2>
Build Time Elapsed:  00:00:14
</pre>
</body>
</html>
